Archive member included to satisfy reference by file (symbol)

c:/program files (x86)/atmel/studio/7.0/toolchain/avr8/avr8-gnu-toolchain/bin/../lib/gcc/avr/5.4.0/avr6\libgcc.a(_exit.o)
                              C:/Program Files (x86)/Atmel/Studio/7.0/Packs/atmel/ATmega_DFP/1.3.300/gcc/dev/atmega2560/avr6/crtatmega2560.o (exit)
c:/program files (x86)/atmel/studio/7.0/toolchain/avr8/avr8-gnu-toolchain/bin/../lib/gcc/avr/5.4.0/avr6\libgcc.a(_tablejump2.o)
                              src/libraries/FreeRTOS/src/timers.o (__tablejump2__)
c:/program files (x86)/atmel/studio/7.0/toolchain/avr8/avr8-gnu-toolchain/bin/../lib/gcc/avr/5.4.0/avr6\libgcc.a(_copy_data.o)
                              src/libraries/FreeRTOS/src/tasks.o (__do_copy_data)
c:/program files (x86)/atmel/studio/7.0/toolchain/avr8/avr8-gnu-toolchain/bin/../lib/gcc/avr/5.4.0/avr6\libgcc.a(_clear_bss.o)
                              src/libraries/FreeRTOS/src/tasks.o (__do_clear_bss)
c:/program files (x86)/atmel/studio/7.0/toolchain/avr8/avr8-gnu-toolchain/bin/../lib/gcc/avr/5.4.0/../../../../avr/lib/avr6\libc.a(malloc.o)
                              src/libraries/FreeRTOS/src/heap_3.o (malloc)
c:/program files (x86)/atmel/studio/7.0/toolchain/avr8/avr8-gnu-toolchain/bin/../lib/gcc/avr/5.4.0/../../../../avr/lib/avr6\libc.a(memcpy.o)
                              src/libraries/FreeRTOS/src/queue.o (memcpy)
c:/program files (x86)/atmel/studio/7.0/toolchain/avr8/avr8-gnu-toolchain/bin/../lib/gcc/avr/5.4.0/../../../../avr/lib/avr6\libc.a(memset.o)
                              src/libraries/FreeRTOS/src/tasks.o (memset)

Allocating common symbols
Common symbol       size              file

__brkval            0x2               c:/program files (x86)/atmel/studio/7.0/toolchain/avr8/avr8-gnu-toolchain/bin/../lib/gcc/avr/5.4.0/../../../../avr/lib/avr6\libc.a(malloc.o)
__flp               0x2               c:/program files (x86)/atmel/studio/7.0/toolchain/avr8/avr8-gnu-toolchain/bin/../lib/gcc/avr/5.4.0/../../../../avr/lib/avr6\libc.a(malloc.o)

Discarded input sections

 .data          0x00000000        0x0 C:/Program Files (x86)/Atmel/Studio/7.0/Packs/atmel/ATmega_DFP/1.3.300/gcc/dev/atmega2560/avr6/crtatmega2560.o
 .bss           0x00000000        0x0 C:/Program Files (x86)/Atmel/Studio/7.0/Packs/atmel/ATmega_DFP/1.3.300/gcc/dev/atmega2560/avr6/crtatmega2560.o
 .group         0x00000000        0x8 src/libraries/FreeRTOS/src/croutine.o
 .group         0x00000000        0x8 src/libraries/FreeRTOS/src/croutine.o
 .group         0x00000000        0x8 src/libraries/FreeRTOS/src/croutine.o
 .group         0x00000000        0x8 src/libraries/FreeRTOS/src/croutine.o
 .group         0x00000000        0x8 src/libraries/FreeRTOS/src/croutine.o
 .group         0x00000000        0x8 src/libraries/FreeRTOS/src/croutine.o
 .group         0x00000000        0x8 src/libraries/FreeRTOS/src/croutine.o
 .group         0x00000000        0x8 src/libraries/FreeRTOS/src/croutine.o
 .group         0x00000000        0x8 src/libraries/FreeRTOS/src/croutine.o
 .group         0x00000000        0x8 src/libraries/FreeRTOS/src/croutine.o
 .group         0x00000000        0x8 src/libraries/FreeRTOS/src/croutine.o
 .group         0x00000000        0x8 src/libraries/FreeRTOS/src/croutine.o
 .group         0x00000000        0x8 src/libraries/FreeRTOS/src/croutine.o
 .group         0x00000000        0x8 src/libraries/FreeRTOS/src/croutine.o
 .group         0x00000000        0x8 src/libraries/FreeRTOS/src/croutine.o
 .group         0x00000000        0x8 src/libraries/FreeRTOS/src/croutine.o
 .group         0x00000000        0x8 src/libraries/FreeRTOS/src/croutine.o
 .group         0x00000000        0x8 src/libraries/FreeRTOS/src/croutine.o
 .group         0x00000000        0x8 src/libraries/FreeRTOS/src/croutine.o
 .group         0x00000000        0x8 src/libraries/FreeRTOS/src/croutine.o
 .group         0x00000000        0x8 src/libraries/FreeRTOS/src/croutine.o
 .group         0x00000000        0x8 src/libraries/FreeRTOS/src/croutine.o
 .group         0x00000000        0x8 src/libraries/FreeRTOS/src/croutine.o
 .text          0x00000000        0x0 src/libraries/FreeRTOS/src/croutine.o
 .data          0x00000000        0x0 src/libraries/FreeRTOS/src/croutine.o
 .bss           0x00000000        0x0 src/libraries/FreeRTOS/src/croutine.o
 .debug_info    0x00000000       0x68 src/libraries/FreeRTOS/src/croutine.o
 .debug_abbrev  0x00000000       0x29 src/libraries/FreeRTOS/src/croutine.o
 .debug_aranges
                0x00000000       0x18 src/libraries/FreeRTOS/src/croutine.o
 .debug_macro   0x00000000      0x119 src/libraries/FreeRTOS/src/croutine.o
 .debug_macro   0x00000000      0xa78 src/libraries/FreeRTOS/src/croutine.o
 .debug_macro   0x00000000      0x16d src/libraries/FreeRTOS/src/croutine.o
 .debug_macro   0x00000000      0x1c9 src/libraries/FreeRTOS/src/croutine.o
 .debug_macro   0x00000000       0x10 src/libraries/FreeRTOS/src/croutine.o
 .debug_macro   0x00000000      0x302 src/libraries/FreeRTOS/src/croutine.o
 .debug_macro   0x00000000       0x9e src/libraries/FreeRTOS/src/croutine.o
 .debug_macro   0x00000000     0x1fde src/libraries/FreeRTOS/src/croutine.o
 .debug_macro   0x00000000      0x2ea src/libraries/FreeRTOS/src/croutine.o
 .debug_macro   0x00000000       0xd9 src/libraries/FreeRTOS/src/croutine.o
 .debug_macro   0x00000000       0x34 src/libraries/FreeRTOS/src/croutine.o
 .debug_macro   0x00000000       0x18 src/libraries/FreeRTOS/src/croutine.o
 .debug_macro   0x00000000       0x6c src/libraries/FreeRTOS/src/croutine.o
 .debug_macro   0x00000000      0x100 src/libraries/FreeRTOS/src/croutine.o
 .debug_macro   0x00000000       0x52 src/libraries/FreeRTOS/src/croutine.o
 .debug_macro   0x00000000       0x82 src/libraries/FreeRTOS/src/croutine.o
 .debug_macro   0x00000000       0x10 src/libraries/FreeRTOS/src/croutine.o
 .debug_macro   0x00000000       0x68 src/libraries/FreeRTOS/src/croutine.o
 .debug_macro   0x00000000       0x26 src/libraries/FreeRTOS/src/croutine.o
 .debug_macro   0x00000000      0x41d src/libraries/FreeRTOS/src/croutine.o
 .debug_macro   0x00000000       0x16 src/libraries/FreeRTOS/src/croutine.o
 .debug_macro   0x00000000       0xb5 src/libraries/FreeRTOS/src/croutine.o
 .debug_macro   0x00000000       0xaa src/libraries/FreeRTOS/src/croutine.o
 .debug_macro   0x00000000       0x43 src/libraries/FreeRTOS/src/croutine.o
 .debug_line    0x00000000      0x306 src/libraries/FreeRTOS/src/croutine.o
 .debug_str     0x00000000     0xc40f src/libraries/FreeRTOS/src/croutine.o
 .comment       0x00000000       0x31 src/libraries/FreeRTOS/src/croutine.o
 .group         0x00000000        0x8 src/libraries/FreeRTOS/src/event_groups.o
 .group         0x00000000        0x8 src/libraries/FreeRTOS/src/event_groups.o
 .group         0x00000000        0x8 src/libraries/FreeRTOS/src/event_groups.o
 .group         0x00000000        0x8 src/libraries/FreeRTOS/src/event_groups.o
 .group         0x00000000        0x8 src/libraries/FreeRTOS/src/event_groups.o
 .group         0x00000000        0x8 src/libraries/FreeRTOS/src/event_groups.o
 .group         0x00000000        0x8 src/libraries/FreeRTOS/src/event_groups.o
 .group         0x00000000        0x8 src/libraries/FreeRTOS/src/event_groups.o
 .group         0x00000000        0x8 src/libraries/FreeRTOS/src/event_groups.o
 .group         0x00000000        0x8 src/libraries/FreeRTOS/src/event_groups.o
 .group         0x00000000        0x8 src/libraries/FreeRTOS/src/event_groups.o
 .group         0x00000000        0x8 src/libraries/FreeRTOS/src/event_groups.o
 .group         0x00000000        0x8 src/libraries/FreeRTOS/src/event_groups.o
 .group         0x00000000        0x8 src/libraries/FreeRTOS/src/event_groups.o
 .group         0x00000000        0x8 src/libraries/FreeRTOS/src/event_groups.o
 .group         0x00000000        0x8 src/libraries/FreeRTOS/src/event_groups.o
 .group         0x00000000        0x8 src/libraries/FreeRTOS/src/event_groups.o
 .group         0x00000000        0x8 src/libraries/FreeRTOS/src/event_groups.o
 .group         0x00000000        0x8 src/libraries/FreeRTOS/src/event_groups.o
 .group         0x00000000        0x8 src/libraries/FreeRTOS/src/event_groups.o
 .group         0x00000000        0x8 src/libraries/FreeRTOS/src/event_groups.o
 .group         0x00000000        0x8 src/libraries/FreeRTOS/src/event_groups.o
 .group         0x00000000        0x8 src/libraries/FreeRTOS/src/event_groups.o
 .group         0x00000000        0x8 src/libraries/FreeRTOS/src/event_groups.o
 .group         0x00000000        0x8 src/libraries/FreeRTOS/src/event_groups.o
 .group         0x00000000        0x8 src/libraries/FreeRTOS/src/event_groups.o
 .group         0x00000000        0x8 src/libraries/FreeRTOS/src/event_groups.o
 .text          0x00000000        0x0 src/libraries/FreeRTOS/src/event_groups.o
 .data          0x00000000        0x0 src/libraries/FreeRTOS/src/event_groups.o
 .bss           0x00000000        0x0 src/libraries/FreeRTOS/src/event_groups.o
 .text.xEventGroupCreate
                0x00000000       0x26 src/libraries/FreeRTOS/src/event_groups.o
 .text.xEventGroupWaitBits
                0x00000000      0x110 src/libraries/FreeRTOS/src/event_groups.o
 .text.xEventGroupClearBits
                0x00000000       0x1e src/libraries/FreeRTOS/src/event_groups.o
 .text.xEventGroupGetBitsFromISR
                0x00000000        0x8 src/libraries/FreeRTOS/src/event_groups.o
 .text.xEventGroupSetBits
                0x00000000       0xdc src/libraries/FreeRTOS/src/event_groups.o
 .text.xEventGroupSync
                0x00000000       0xd2 src/libraries/FreeRTOS/src/event_groups.o
 .text.vEventGroupDelete
                0x00000000       0x32 src/libraries/FreeRTOS/src/event_groups.o
 .text.vEventGroupSetBitsCallback
                0x00000000        0x8 src/libraries/FreeRTOS/src/event_groups.o
 .text.vEventGroupClearBitsCallback
                0x00000000        0x8 src/libraries/FreeRTOS/src/event_groups.o
 .debug_info    0x00000000      0x911 src/libraries/FreeRTOS/src/event_groups.o
 .debug_abbrev  0x00000000      0x20f src/libraries/FreeRTOS/src/event_groups.o
 .debug_loc     0x00000000      0xb78 src/libraries/FreeRTOS/src/event_groups.o
 .debug_aranges
                0x00000000       0x60 src/libraries/FreeRTOS/src/event_groups.o
 .debug_ranges  0x00000000       0x68 src/libraries/FreeRTOS/src/event_groups.o
 .debug_macro   0x00000000      0x15d src/libraries/FreeRTOS/src/event_groups.o
 .debug_macro   0x00000000      0xa78 src/libraries/FreeRTOS/src/event_groups.o
 .debug_macro   0x00000000       0x1c src/libraries/FreeRTOS/src/event_groups.o
 .debug_macro   0x00000000      0x10e src/libraries/FreeRTOS/src/event_groups.o
 .debug_macro   0x00000000       0x66 src/libraries/FreeRTOS/src/event_groups.o
 .debug_macro   0x00000000       0x86 src/libraries/FreeRTOS/src/event_groups.o
 .debug_macro   0x00000000      0x1c9 src/libraries/FreeRTOS/src/event_groups.o
 .debug_macro   0x00000000       0x10 src/libraries/FreeRTOS/src/event_groups.o
 .debug_macro   0x00000000      0x302 src/libraries/FreeRTOS/src/event_groups.o
 .debug_macro   0x00000000       0x9e src/libraries/FreeRTOS/src/event_groups.o
 .debug_macro   0x00000000     0x1fde src/libraries/FreeRTOS/src/event_groups.o
 .debug_macro   0x00000000      0x2ea src/libraries/FreeRTOS/src/event_groups.o
 .debug_macro   0x00000000       0xd9 src/libraries/FreeRTOS/src/event_groups.o
 .debug_macro   0x00000000       0x34 src/libraries/FreeRTOS/src/event_groups.o
 .debug_macro   0x00000000       0x18 src/libraries/FreeRTOS/src/event_groups.o
 .debug_macro   0x00000000       0x6c src/libraries/FreeRTOS/src/event_groups.o
 .debug_macro   0x00000000      0x100 src/libraries/FreeRTOS/src/event_groups.o
 .debug_macro   0x00000000       0x52 src/libraries/FreeRTOS/src/event_groups.o
 .debug_macro   0x00000000       0x82 src/libraries/FreeRTOS/src/event_groups.o
 .debug_macro   0x00000000       0x10 src/libraries/FreeRTOS/src/event_groups.o
 .debug_macro   0x00000000       0x68 src/libraries/FreeRTOS/src/event_groups.o
 .debug_macro   0x00000000       0x26 src/libraries/FreeRTOS/src/event_groups.o
 .debug_macro   0x00000000      0x41d src/libraries/FreeRTOS/src/event_groups.o
 .debug_macro   0x00000000       0x16 src/libraries/FreeRTOS/src/event_groups.o
 .debug_macro   0x00000000       0xb5 src/libraries/FreeRTOS/src/event_groups.o
 .debug_macro   0x00000000       0xaa src/libraries/FreeRTOS/src/event_groups.o
 .debug_macro   0x00000000       0x97 src/libraries/FreeRTOS/src/event_groups.o
 .debug_macro   0x00000000       0x19 src/libraries/FreeRTOS/src/event_groups.o
 .debug_line    0x00000000      0x5e6 src/libraries/FreeRTOS/src/event_groups.o
 .debug_str     0x00000000     0xce8d src/libraries/FreeRTOS/src/event_groups.o
 .comment       0x00000000       0x31 src/libraries/FreeRTOS/src/event_groups.o
 .debug_frame   0x00000000      0x158 src/libraries/FreeRTOS/src/event_groups.o
 .group         0x00000000        0x8 src/libraries/FreeRTOS/src/heap_3.o
 .group         0x00000000        0x8 src/libraries/FreeRTOS/src/heap_3.o
 .group         0x00000000        0x8 src/libraries/FreeRTOS/src/heap_3.o
 .group         0x00000000        0x8 src/libraries/FreeRTOS/src/heap_3.o
 .group         0x00000000        0x8 src/libraries/FreeRTOS/src/heap_3.o
 .group         0x00000000        0x8 src/libraries/FreeRTOS/src/heap_3.o
 .group         0x00000000        0x8 src/libraries/FreeRTOS/src/heap_3.o
 .group         0x00000000        0x8 src/libraries/FreeRTOS/src/heap_3.o
 .group         0x00000000        0x8 src/libraries/FreeRTOS/src/heap_3.o
 .group         0x00000000        0x8 src/libraries/FreeRTOS/src/heap_3.o
 .group         0x00000000        0x8 src/libraries/FreeRTOS/src/heap_3.o
 .group         0x00000000        0x8 src/libraries/FreeRTOS/src/heap_3.o
 .group         0x00000000        0x8 src/libraries/FreeRTOS/src/heap_3.o
 .group         0x00000000        0x8 src/libraries/FreeRTOS/src/heap_3.o
 .group         0x00000000        0x8 src/libraries/FreeRTOS/src/heap_3.o
 .group         0x00000000        0x8 src/libraries/FreeRTOS/src/heap_3.o
 .group         0x00000000        0x8 src/libraries/FreeRTOS/src/heap_3.o
 .group         0x00000000        0x8 src/libraries/FreeRTOS/src/heap_3.o
 .group         0x00000000        0x8 src/libraries/FreeRTOS/src/heap_3.o
 .group         0x00000000        0x8 src/libraries/FreeRTOS/src/heap_3.o
 .group         0x00000000        0x8 src/libraries/FreeRTOS/src/heap_3.o
 .group         0x00000000        0x8 src/libraries/FreeRTOS/src/heap_3.o
 .group         0x00000000        0x8 src/libraries/FreeRTOS/src/heap_3.o
 .group         0x00000000        0x8 src/libraries/FreeRTOS/src/heap_3.o
 .group         0x00000000        0x8 src/libraries/FreeRTOS/src/heap_3.o
 .text          0x00000000        0x0 src/libraries/FreeRTOS/src/heap_3.o
 .data          0x00000000        0x0 src/libraries/FreeRTOS/src/heap_3.o
 .bss           0x00000000        0x0 src/libraries/FreeRTOS/src/heap_3.o
 .text.pvPortMalloc
                0x00000000       0x1e src/libraries/FreeRTOS/src/heap_3.o
 .text.vPortFree
                0x00000000       0x1e src/libraries/FreeRTOS/src/heap_3.o
 .debug_info    0x00000000      0x175 src/libraries/FreeRTOS/src/heap_3.o
 .debug_abbrev  0x00000000       0xdc src/libraries/FreeRTOS/src/heap_3.o
 .debug_loc     0x00000000      0x102 src/libraries/FreeRTOS/src/heap_3.o
 .debug_aranges
                0x00000000       0x28 src/libraries/FreeRTOS/src/heap_3.o
 .debug_ranges  0x00000000       0x18 src/libraries/FreeRTOS/src/heap_3.o
 .debug_macro   0x00000000      0x129 src/libraries/FreeRTOS/src/heap_3.o
 .debug_macro   0x00000000      0xa78 src/libraries/FreeRTOS/src/heap_3.o
 .debug_macro   0x00000000       0x1c src/libraries/FreeRTOS/src/heap_3.o
 .debug_macro   0x00000000      0x10e src/libraries/FreeRTOS/src/heap_3.o
 .debug_macro   0x00000000       0x66 src/libraries/FreeRTOS/src/heap_3.o
 .debug_macro   0x00000000       0x86 src/libraries/FreeRTOS/src/heap_3.o
 .debug_macro   0x00000000      0x1c9 src/libraries/FreeRTOS/src/heap_3.o
 .debug_macro   0x00000000       0x10 src/libraries/FreeRTOS/src/heap_3.o
 .debug_macro   0x00000000      0x302 src/libraries/FreeRTOS/src/heap_3.o
 .debug_macro   0x00000000       0x9e src/libraries/FreeRTOS/src/heap_3.o
 .debug_macro   0x00000000     0x1fde src/libraries/FreeRTOS/src/heap_3.o
 .debug_macro   0x00000000      0x2ea src/libraries/FreeRTOS/src/heap_3.o
 .debug_macro   0x00000000       0xd9 src/libraries/FreeRTOS/src/heap_3.o
 .debug_macro   0x00000000       0x34 src/libraries/FreeRTOS/src/heap_3.o
 .debug_macro   0x00000000       0x18 src/libraries/FreeRTOS/src/heap_3.o
 .debug_macro   0x00000000       0x6c src/libraries/FreeRTOS/src/heap_3.o
 .debug_macro   0x00000000      0x100 src/libraries/FreeRTOS/src/heap_3.o
 .debug_macro   0x00000000       0x52 src/libraries/FreeRTOS/src/heap_3.o
 .debug_macro   0x00000000       0x82 src/libraries/FreeRTOS/src/heap_3.o
 .debug_macro   0x00000000       0x10 src/libraries/FreeRTOS/src/heap_3.o
 .debug_macro   0x00000000       0x68 src/libraries/FreeRTOS/src/heap_3.o
 .debug_macro   0x00000000       0x26 src/libraries/FreeRTOS/src/heap_3.o
 .debug_macro   0x00000000      0x41d src/libraries/FreeRTOS/src/heap_3.o
 .debug_macro   0x00000000       0x16 src/libraries/FreeRTOS/src/heap_3.o
 .debug_macro   0x00000000       0xb5 src/libraries/FreeRTOS/src/heap_3.o
 .debug_macro   0x00000000       0xaa src/libraries/FreeRTOS/src/heap_3.o
 .debug_line    0x00000000      0x359 src/libraries/FreeRTOS/src/heap_3.o
 .debug_str     0x00000000     0xc0bb src/libraries/FreeRTOS/src/heap_3.o
 .comment       0x00000000       0x31 src/libraries/FreeRTOS/src/heap_3.o
 .debug_frame   0x00000000       0x4c src/libraries/FreeRTOS/src/heap_3.o
 .group         0x00000000        0x8 src/libraries/FreeRTOS/src/list.o
 .group         0x00000000        0x8 src/libraries/FreeRTOS/src/list.o
 .group         0x00000000        0x8 src/libraries/FreeRTOS/src/list.o
 .group         0x00000000        0x8 src/libraries/FreeRTOS/src/list.o
 .group         0x00000000        0x8 src/libraries/FreeRTOS/src/list.o
 .group         0x00000000        0x8 src/libraries/FreeRTOS/src/list.o
 .group         0x00000000        0x8 src/libraries/FreeRTOS/src/list.o
 .group         0x00000000        0x8 src/libraries/FreeRTOS/src/list.o
 .group         0x00000000        0x8 src/libraries/FreeRTOS/src/list.o
 .group         0x00000000        0x8 src/libraries/FreeRTOS/src/list.o
 .group         0x00000000        0x8 src/libraries/FreeRTOS/src/list.o
 .group         0x00000000        0x8 src/libraries/FreeRTOS/src/list.o
 .group         0x00000000        0x8 src/libraries/FreeRTOS/src/list.o
 .group         0x00000000        0x8 src/libraries/FreeRTOS/src/list.o
 .group         0x00000000        0x8 src/libraries/FreeRTOS/src/list.o
 .group         0x00000000        0x8 src/libraries/FreeRTOS/src/list.o
 .group         0x00000000        0x8 src/libraries/FreeRTOS/src/list.o
 .group         0x00000000        0x8 src/libraries/FreeRTOS/src/list.o
 .group         0x00000000        0x8 src/libraries/FreeRTOS/src/list.o
 .group         0x00000000        0x8 src/libraries/FreeRTOS/src/list.o
 .group         0x00000000        0x8 src/libraries/FreeRTOS/src/list.o
 .group         0x00000000        0x8 src/libraries/FreeRTOS/src/list.o
 .group         0x00000000        0x8 src/libraries/FreeRTOS/src/list.o
 .group         0x00000000        0x8 src/libraries/FreeRTOS/src/list.o
 .group         0x00000000        0x8 src/libraries/FreeRTOS/src/list.o
 .text          0x00000000        0x0 src/libraries/FreeRTOS/src/list.o
 .data          0x00000000        0x0 src/libraries/FreeRTOS/src/list.o
 .bss           0x00000000        0x0 src/libraries/FreeRTOS/src/list.o
 .text.vListInitialise
                0x00000000       0x1c src/libraries/FreeRTOS/src/list.o
 .text.vListInitialiseItem
                0x00000000        0x8 src/libraries/FreeRTOS/src/list.o
 .text.vListInsert
                0x00000000       0x62 src/libraries/FreeRTOS/src/list.o
 .debug_macro   0x00000000      0xa78 src/libraries/FreeRTOS/src/list.o
 .debug_macro   0x00000000       0x1c src/libraries/FreeRTOS/src/list.o
 .debug_macro   0x00000000      0x10e src/libraries/FreeRTOS/src/list.o
 .debug_macro   0x00000000       0x66 src/libraries/FreeRTOS/src/list.o
 .debug_macro   0x00000000       0x86 src/libraries/FreeRTOS/src/list.o
 .debug_macro   0x00000000      0x1c9 src/libraries/FreeRTOS/src/list.o
 .debug_macro   0x00000000       0x10 src/libraries/FreeRTOS/src/list.o
 .debug_macro   0x00000000      0x302 src/libraries/FreeRTOS/src/list.o
 .debug_macro   0x00000000       0x9e src/libraries/FreeRTOS/src/list.o
 .debug_macro   0x00000000     0x1fde src/libraries/FreeRTOS/src/list.o
 .debug_macro   0x00000000      0x2ea src/libraries/FreeRTOS/src/list.o
 .debug_macro   0x00000000       0xd9 src/libraries/FreeRTOS/src/list.o
 .debug_macro   0x00000000       0x34 src/libraries/FreeRTOS/src/list.o
 .debug_macro   0x00000000       0x18 src/libraries/FreeRTOS/src/list.o
 .debug_macro   0x00000000       0x6c src/libraries/FreeRTOS/src/list.o
 .debug_macro   0x00000000      0x100 src/libraries/FreeRTOS/src/list.o
 .debug_macro   0x00000000       0x52 src/libraries/FreeRTOS/src/list.o
 .debug_macro   0x00000000       0x82 src/libraries/FreeRTOS/src/list.o
 .debug_macro   0x00000000       0x10 src/libraries/FreeRTOS/src/list.o
 .debug_macro   0x00000000       0x68 src/libraries/FreeRTOS/src/list.o
 .debug_macro   0x00000000       0x26 src/libraries/FreeRTOS/src/list.o
 .debug_macro   0x00000000      0x41d src/libraries/FreeRTOS/src/list.o
 .debug_macro   0x00000000       0x16 src/libraries/FreeRTOS/src/list.o
 .debug_macro   0x00000000       0xb5 src/libraries/FreeRTOS/src/list.o
 .debug_macro   0x00000000       0xaa src/libraries/FreeRTOS/src/list.o
 .group         0x00000000        0x8 src/libraries/FreeRTOS/src/port.o
 .group         0x00000000        0x8 src/libraries/FreeRTOS/src/port.o
 .group         0x00000000        0x8 src/libraries/FreeRTOS/src/port.o
 .group         0x00000000        0x8 src/libraries/FreeRTOS/src/port.o
 .group         0x00000000        0x8 src/libraries/FreeRTOS/src/port.o
 .group         0x00000000        0x8 src/libraries/FreeRTOS/src/port.o
 .group         0x00000000        0x8 src/libraries/FreeRTOS/src/port.o
 .group         0x00000000        0x8 src/libraries/FreeRTOS/src/port.o
 .group         0x00000000        0x8 src/libraries/FreeRTOS/src/port.o
 .group         0x00000000        0x8 src/libraries/FreeRTOS/src/port.o
 .group         0x00000000        0x8 src/libraries/FreeRTOS/src/port.o
 .group         0x00000000        0x8 src/libraries/FreeRTOS/src/port.o
 .group         0x00000000        0x8 src/libraries/FreeRTOS/src/port.o
 .group         0x00000000        0x8 src/libraries/FreeRTOS/src/port.o
 .group         0x00000000        0x8 src/libraries/FreeRTOS/src/port.o
 .group         0x00000000        0x8 src/libraries/FreeRTOS/src/port.o
 .group         0x00000000        0x8 src/libraries/FreeRTOS/src/port.o
 .group         0x00000000        0x8 src/libraries/FreeRTOS/src/port.o
 .group         0x00000000        0x8 src/libraries/FreeRTOS/src/port.o
 .group         0x00000000        0x8 src/libraries/FreeRTOS/src/port.o
 .group         0x00000000        0x8 src/libraries/FreeRTOS/src/port.o
 .group         0x00000000        0x8 src/libraries/FreeRTOS/src/port.o
 .group         0x00000000        0x8 src/libraries/FreeRTOS/src/port.o
 .group         0x00000000        0x8 src/libraries/FreeRTOS/src/port.o
 .group         0x00000000        0x8 src/libraries/FreeRTOS/src/port.o
 .group         0x00000000        0x8 src/libraries/FreeRTOS/src/port.o
 .group         0x00000000        0x8 src/libraries/FreeRTOS/src/port.o
 .text          0x00000000        0x0 src/libraries/FreeRTOS/src/port.o
 .data          0x00000000        0x0 src/libraries/FreeRTOS/src/port.o
 .bss           0x00000000        0x0 src/libraries/FreeRTOS/src/port.o
 .text.pxPortInitialiseStack
                0x00000000       0xe4 src/libraries/FreeRTOS/src/port.o
 .text.xPortStartScheduler
                0x00000000       0x78 src/libraries/FreeRTOS/src/port.o
 .text.vPortEndScheduler
                0x00000000       0x18 src/libraries/FreeRTOS/src/port.o
 .text.vPortYield
                0x00000000       0xc2 src/libraries/FreeRTOS/src/port.o
 .debug_macro   0x00000000      0xa78 src/libraries/FreeRTOS/src/port.o
 .debug_macro   0x00000000       0x1c src/libraries/FreeRTOS/src/port.o
 .debug_macro   0x00000000      0x10e src/libraries/FreeRTOS/src/port.o
 .debug_macro   0x00000000       0x66 src/libraries/FreeRTOS/src/port.o
 .debug_macro   0x00000000       0x10 src/libraries/FreeRTOS/src/port.o
 .debug_macro   0x00000000      0x1c9 src/libraries/FreeRTOS/src/port.o
 .debug_macro   0x00000000       0x9e src/libraries/FreeRTOS/src/port.o
 .debug_macro   0x00000000     0x1fde src/libraries/FreeRTOS/src/port.o
 .debug_macro   0x00000000      0x2ea src/libraries/FreeRTOS/src/port.o
 .debug_macro   0x00000000       0xd9 src/libraries/FreeRTOS/src/port.o
 .debug_macro   0x00000000       0x34 src/libraries/FreeRTOS/src/port.o
 .debug_macro   0x00000000       0x18 src/libraries/FreeRTOS/src/port.o
 .debug_macro   0x00000000       0x6c src/libraries/FreeRTOS/src/port.o
 .debug_macro   0x00000000       0x68 src/libraries/FreeRTOS/src/port.o
 .debug_macro   0x00000000       0x86 src/libraries/FreeRTOS/src/port.o
 .debug_macro   0x00000000       0x52 src/libraries/FreeRTOS/src/port.o
 .debug_macro   0x00000000       0x82 src/libraries/FreeRTOS/src/port.o
 .debug_macro   0x00000000       0x10 src/libraries/FreeRTOS/src/port.o
 .debug_macro   0x00000000       0x26 src/libraries/FreeRTOS/src/port.o
 .debug_macro   0x00000000      0x41d src/libraries/FreeRTOS/src/port.o
 .debug_macro   0x00000000       0x16 src/libraries/FreeRTOS/src/port.o
 .debug_macro   0x00000000       0xb5 src/libraries/FreeRTOS/src/port.o
 .debug_macro   0x00000000       0xaa src/libraries/FreeRTOS/src/port.o
 .group         0x00000000        0x8 src/libraries/FreeRTOS/src/queue.o
 .group         0x00000000        0x8 src/libraries/FreeRTOS/src/queue.o
 .group         0x00000000        0x8 src/libraries/FreeRTOS/src/queue.o
 .group         0x00000000        0x8 src/libraries/FreeRTOS/src/queue.o
 .group         0x00000000        0x8 src/libraries/FreeRTOS/src/queue.o
 .group         0x00000000        0x8 src/libraries/FreeRTOS/src/queue.o
 .group         0x00000000        0x8 src/libraries/FreeRTOS/src/queue.o
 .group         0x00000000        0x8 src/libraries/FreeRTOS/src/queue.o
 .group         0x00000000        0x8 src/libraries/FreeRTOS/src/queue.o
 .group         0x00000000        0x8 src/libraries/FreeRTOS/src/queue.o
 .group         0x00000000        0x8 src/libraries/FreeRTOS/src/queue.o
 .group         0x00000000        0x8 src/libraries/FreeRTOS/src/queue.o
 .group         0x00000000        0x8 src/libraries/FreeRTOS/src/queue.o
 .group         0x00000000        0x8 src/libraries/FreeRTOS/src/queue.o
 .group         0x00000000        0x8 src/libraries/FreeRTOS/src/queue.o
 .group         0x00000000        0x8 src/libraries/FreeRTOS/src/queue.o
 .group         0x00000000        0x8 src/libraries/FreeRTOS/src/queue.o
 .group         0x00000000        0x8 src/libraries/FreeRTOS/src/queue.o
 .group         0x00000000        0x8 src/libraries/FreeRTOS/src/queue.o
 .group         0x00000000        0x8 src/libraries/FreeRTOS/src/queue.o
 .group         0x00000000        0x8 src/libraries/FreeRTOS/src/queue.o
 .group         0x00000000        0x8 src/libraries/FreeRTOS/src/queue.o
 .group         0x00000000        0x8 src/libraries/FreeRTOS/src/queue.o
 .group         0x00000000        0x8 src/libraries/FreeRTOS/src/queue.o
 .group         0x00000000        0x8 src/libraries/FreeRTOS/src/queue.o
 .group         0x00000000        0x8 src/libraries/FreeRTOS/src/queue.o
 .group         0x00000000        0x8 src/libraries/FreeRTOS/src/queue.o
 .group         0x00000000        0x8 src/libraries/FreeRTOS/src/queue.o
 .text          0x00000000        0x0 src/libraries/FreeRTOS/src/queue.o
 .data          0x00000000        0x0 src/libraries/FreeRTOS/src/queue.o
 .bss           0x00000000        0x0 src/libraries/FreeRTOS/src/queue.o
 .text.prvIsQueueEmpty
                0x00000000       0x16 src/libraries/FreeRTOS/src/queue.o
 .text.prvCopyDataToQueue
                0x00000000       0xbe src/libraries/FreeRTOS/src/queue.o
 .text.prvCopyDataFromQueue
                0x00000000       0x34 src/libraries/FreeRTOS/src/queue.o
 .text.prvUnlockQueue
                0x00000000       0x9a src/libraries/FreeRTOS/src/queue.o
 .text.xQueueGenericReset
                0x00000000       0x8c src/libraries/FreeRTOS/src/queue.o
 .text.xQueueGenericCreate
                0x00000000       0x5a src/libraries/FreeRTOS/src/queue.o
 .text.xQueueCreateCountingSemaphore
                0x00000000       0x18 src/libraries/FreeRTOS/src/queue.o
 .text.xQueueGenericSend
                0x00000000      0x142 src/libraries/FreeRTOS/src/queue.o
 .text.xQueueCreateMutex
                0x00000000       0x34 src/libraries/FreeRTOS/src/queue.o
 .text.xQueueGiveMutexRecursive
                0x00000000       0x46 src/libraries/FreeRTOS/src/queue.o
 .text.xQueueGenericSendFromISR
                0x00000000       0x74 src/libraries/FreeRTOS/src/queue.o
 .text.xQueueGiveFromISR
                0x00000000       0x52 src/libraries/FreeRTOS/src/queue.o
 .text.xQueueReceive
                0x00000000      0x132 src/libraries/FreeRTOS/src/queue.o
 .text.xQueueSemaphoreTake
                0x00000000      0x19a src/libraries/FreeRTOS/src/queue.o
 .text.xQueueTakeMutexRecursive
                0x00000000       0x48 src/libraries/FreeRTOS/src/queue.o
 .text.xQueuePeek
                0x00000000      0x132 src/libraries/FreeRTOS/src/queue.o
 .text.xQueueReceiveFromISR
                0x00000000       0x6e src/libraries/FreeRTOS/src/queue.o
 .text.xQueuePeekFromISR
                0x00000000       0x2e src/libraries/FreeRTOS/src/queue.o
 .text.uxQueueMessagesWaiting
                0x00000000       0x10 src/libraries/FreeRTOS/src/queue.o
 .text.uxQueueSpacesAvailable
                0x00000000       0x14 src/libraries/FreeRTOS/src/queue.o
 .text.uxQueueMessagesWaitingFromISR
                0x00000000        0x6 src/libraries/FreeRTOS/src/queue.o
 .text.vQueueDelete
                0x00000000        0x6 src/libraries/FreeRTOS/src/queue.o
 .text.xQueueIsQueueEmptyFromISR
                0x00000000        0xc src/libraries/FreeRTOS/src/queue.o
 .text.xQueueIsQueueFullFromISR
                0x00000000        0xe src/libraries/FreeRTOS/src/queue.o
 .text.vQueueWaitForMessageRestricted
                0x00000000       0x3a src/libraries/FreeRTOS/src/queue.o
 .debug_info    0x00000000     0x1846 src/libraries/FreeRTOS/src/queue.o
 .debug_abbrev  0x00000000      0x2cc src/libraries/FreeRTOS/src/queue.o
 .debug_loc     0x00000000     0x1d74 src/libraries/FreeRTOS/src/queue.o
 .debug_aranges
                0x00000000       0xe0 src/libraries/FreeRTOS/src/queue.o
 .debug_ranges  0x00000000      0x160 src/libraries/FreeRTOS/src/queue.o
 .debug_macro   0x00000000      0x17b src/libraries/FreeRTOS/src/queue.o
 .debug_macro   0x00000000      0xa78 src/libraries/FreeRTOS/src/queue.o
 .debug_macro   0x00000000       0x1c src/libraries/FreeRTOS/src/queue.o
 .debug_macro   0x00000000      0x10e src/libraries/FreeRTOS/src/queue.o
 .debug_macro   0x00000000       0x66 src/libraries/FreeRTOS/src/queue.o
 .debug_macro   0x00000000       0x16 src/libraries/FreeRTOS/src/queue.o
 .debug_macro   0x00000000       0x20 src/libraries/FreeRTOS/src/queue.o
 .debug_macro   0x00000000       0x86 src/libraries/FreeRTOS/src/queue.o
 .debug_macro   0x00000000      0x1c9 src/libraries/FreeRTOS/src/queue.o
 .debug_macro   0x00000000       0x10 src/libraries/FreeRTOS/src/queue.o
 .debug_macro   0x00000000      0x302 src/libraries/FreeRTOS/src/queue.o
 .debug_macro   0x00000000       0x9e src/libraries/FreeRTOS/src/queue.o
 .debug_macro   0x00000000     0x1fde src/libraries/FreeRTOS/src/queue.o
 .debug_macro   0x00000000      0x2ea src/libraries/FreeRTOS/src/queue.o
 .debug_macro   0x00000000       0xd9 src/libraries/FreeRTOS/src/queue.o
 .debug_macro   0x00000000       0x34 src/libraries/FreeRTOS/src/queue.o
 .debug_macro   0x00000000       0x18 src/libraries/FreeRTOS/src/queue.o
 .debug_macro   0x00000000       0x6c src/libraries/FreeRTOS/src/queue.o
 .debug_macro   0x00000000      0x100 src/libraries/FreeRTOS/src/queue.o
 .debug_macro   0x00000000       0x52 src/libraries/FreeRTOS/src/queue.o
 .debug_macro   0x00000000       0x82 src/libraries/FreeRTOS/src/queue.o
 .debug_macro   0x00000000       0x10 src/libraries/FreeRTOS/src/queue.o
 .debug_macro   0x00000000       0x68 src/libraries/FreeRTOS/src/queue.o
 .debug_macro   0x00000000       0x26 src/libraries/FreeRTOS/src/queue.o
 .debug_macro   0x00000000      0x41d src/libraries/FreeRTOS/src/queue.o
 .debug_macro   0x00000000       0x16 src/libraries/FreeRTOS/src/queue.o
 .debug_macro   0x00000000       0xb5 src/libraries/FreeRTOS/src/queue.o
 .debug_macro   0x00000000       0xaa src/libraries/FreeRTOS/src/queue.o
 .debug_macro   0x00000000       0x86 src/libraries/FreeRTOS/src/queue.o
 .debug_line    0x00000000      0xd84 src/libraries/FreeRTOS/src/queue.o
 .debug_str     0x00000000     0xd2f9 src/libraries/FreeRTOS/src/queue.o
 .comment       0x00000000       0x31 src/libraries/FreeRTOS/src/queue.o
 .debug_frame   0x00000000      0x394 src/libraries/FreeRTOS/src/queue.o
 .group         0x00000000        0x8 src/libraries/FreeRTOS/src/stream_buffer.o
 .group         0x00000000        0x8 src/libraries/FreeRTOS/src/stream_buffer.o
 .group         0x00000000        0x8 src/libraries/FreeRTOS/src/stream_buffer.o
 .group         0x00000000        0x8 src/libraries/FreeRTOS/src/stream_buffer.o
 .group         0x00000000        0x8 src/libraries/FreeRTOS/src/stream_buffer.o
 .group         0x00000000        0x8 src/libraries/FreeRTOS/src/stream_buffer.o
 .group         0x00000000        0x8 src/libraries/FreeRTOS/src/stream_buffer.o
 .group         0x00000000        0x8 src/libraries/FreeRTOS/src/stream_buffer.o
 .group         0x00000000        0x8 src/libraries/FreeRTOS/src/stream_buffer.o
 .group         0x00000000        0x8 src/libraries/FreeRTOS/src/stream_buffer.o
 .group         0x00000000        0x8 src/libraries/FreeRTOS/src/stream_buffer.o
 .group         0x00000000        0x8 src/libraries/FreeRTOS/src/stream_buffer.o
 .group         0x00000000        0x8 src/libraries/FreeRTOS/src/stream_buffer.o
 .group         0x00000000        0x8 src/libraries/FreeRTOS/src/stream_buffer.o
 .group         0x00000000        0x8 src/libraries/FreeRTOS/src/stream_buffer.o
 .group         0x00000000        0x8 src/libraries/FreeRTOS/src/stream_buffer.o
 .group         0x00000000        0x8 src/libraries/FreeRTOS/src/stream_buffer.o
 .group         0x00000000        0x8 src/libraries/FreeRTOS/src/stream_buffer.o
 .group         0x00000000        0x8 src/libraries/FreeRTOS/src/stream_buffer.o
 .group         0x00000000        0x8 src/libraries/FreeRTOS/src/stream_buffer.o
 .group         0x00000000        0x8 src/libraries/FreeRTOS/src/stream_buffer.o
 .group         0x00000000        0x8 src/libraries/FreeRTOS/src/stream_buffer.o
 .group         0x00000000        0x8 src/libraries/FreeRTOS/src/stream_buffer.o
 .group         0x00000000        0x8 src/libraries/FreeRTOS/src/stream_buffer.o
 .group         0x00000000        0x8 src/libraries/FreeRTOS/src/stream_buffer.o
 .group         0x00000000        0x8 src/libraries/FreeRTOS/src/stream_buffer.o
 .text          0x00000000        0x0 src/libraries/FreeRTOS/src/stream_buffer.o
 .data          0x00000000        0x0 src/libraries/FreeRTOS/src/stream_buffer.o
 .bss           0x00000000        0x0 src/libraries/FreeRTOS/src/stream_buffer.o
 .text.prvBytesInBuffer
                0x00000000       0x26 src/libraries/FreeRTOS/src/stream_buffer.o
 .text.prvWriteBytesToBuffer
                0x00000000       0x92 src/libraries/FreeRTOS/src/stream_buffer.o
 .text.prvWriteMessageToBuffer
                0x00000000       0x84 src/libraries/FreeRTOS/src/stream_buffer.o
 .text.prvReadBytesFromBuffer
                0x00000000       0x9c src/libraries/FreeRTOS/src/stream_buffer.o
 .text.xStreamBufferGenericCreate
                0x00000000       0x5a src/libraries/FreeRTOS/src/stream_buffer.o
 .text.vStreamBufferDelete
                0x00000000       0x1a src/libraries/FreeRTOS/src/stream_buffer.o
 .text.xStreamBufferReset
                0x00000000       0x74 src/libraries/FreeRTOS/src/stream_buffer.o
 .text.xStreamBufferSetTriggerLevel
                0x00000000       0x22 src/libraries/FreeRTOS/src/stream_buffer.o
 .text.xStreamBufferSpacesAvailable
                0x00000000       0x24 src/libraries/FreeRTOS/src/stream_buffer.o
 .text.xStreamBufferBytesAvailable
                0x00000000        0x6 src/libraries/FreeRTOS/src/stream_buffer.o
 .text.xStreamBufferSend
                0x00000000      0x148 src/libraries/FreeRTOS/src/stream_buffer.o
 .text.xStreamBufferSendFromISR
                0x00000000       0x8c src/libraries/FreeRTOS/src/stream_buffer.o
 .text.xStreamBufferReceive
                0x00000000      0x14a src/libraries/FreeRTOS/src/stream_buffer.o
 .text.xStreamBufferNextMessageLengthBytes
                0x00000000       0x68 src/libraries/FreeRTOS/src/stream_buffer.o
 .text.xStreamBufferReceiveFromISR
                0x00000000       0xe8 src/libraries/FreeRTOS/src/stream_buffer.o
 .text.xStreamBufferIsEmpty
                0x00000000       0x16 src/libraries/FreeRTOS/src/stream_buffer.o
 .text.xStreamBufferIsFull
                0x00000000       0x2c src/libraries/FreeRTOS/src/stream_buffer.o
 .text.xStreamBufferSendCompletedFromISR
                0x00000000       0x46 src/libraries/FreeRTOS/src/stream_buffer.o
 .text.xStreamBufferReceiveCompletedFromISR
                0x00000000       0x46 src/libraries/FreeRTOS/src/stream_buffer.o
 .debug_info    0x00000000     0x1404 src/libraries/FreeRTOS/src/stream_buffer.o
 .debug_abbrev  0x00000000      0x2a8 src/libraries/FreeRTOS/src/stream_buffer.o
 .debug_loc     0x00000000     0x1dde src/libraries/FreeRTOS/src/stream_buffer.o
 .debug_aranges
                0x00000000       0xb0 src/libraries/FreeRTOS/src/stream_buffer.o
 .debug_ranges  0x00000000       0xa0 src/libraries/FreeRTOS/src/stream_buffer.o
 .debug_macro   0x00000000      0x15f src/libraries/FreeRTOS/src/stream_buffer.o
 .debug_macro   0x00000000      0xa78 src/libraries/FreeRTOS/src/stream_buffer.o
 .debug_macro   0x00000000      0x1c9 src/libraries/FreeRTOS/src/stream_buffer.o
 .debug_macro   0x00000000       0x16 src/libraries/FreeRTOS/src/stream_buffer.o
 .debug_macro   0x00000000       0x97 src/libraries/FreeRTOS/src/stream_buffer.o
 .debug_macro   0x00000000       0x16 src/libraries/FreeRTOS/src/stream_buffer.o
 .debug_macro   0x00000000       0xf6 src/libraries/FreeRTOS/src/stream_buffer.o
 .debug_macro   0x00000000       0x10 src/libraries/FreeRTOS/src/stream_buffer.o
 .debug_macro   0x00000000      0x302 src/libraries/FreeRTOS/src/stream_buffer.o
 .debug_macro   0x00000000       0x9e src/libraries/FreeRTOS/src/stream_buffer.o
 .debug_macro   0x00000000     0x1fde src/libraries/FreeRTOS/src/stream_buffer.o
 .debug_macro   0x00000000      0x2ea src/libraries/FreeRTOS/src/stream_buffer.o
 .debug_macro   0x00000000       0xd9 src/libraries/FreeRTOS/src/stream_buffer.o
 .debug_macro   0x00000000       0x34 src/libraries/FreeRTOS/src/stream_buffer.o
 .debug_macro   0x00000000       0x18 src/libraries/FreeRTOS/src/stream_buffer.o
 .debug_macro   0x00000000       0x6c src/libraries/FreeRTOS/src/stream_buffer.o
 .debug_macro   0x00000000      0x100 src/libraries/FreeRTOS/src/stream_buffer.o
 .debug_macro   0x00000000       0x52 src/libraries/FreeRTOS/src/stream_buffer.o
 .debug_macro   0x00000000       0x82 src/libraries/FreeRTOS/src/stream_buffer.o
 .debug_macro   0x00000000       0x10 src/libraries/FreeRTOS/src/stream_buffer.o
 .debug_macro   0x00000000       0x68 src/libraries/FreeRTOS/src/stream_buffer.o
 .debug_macro   0x00000000       0x26 src/libraries/FreeRTOS/src/stream_buffer.o
 .debug_macro   0x00000000      0x41d src/libraries/FreeRTOS/src/stream_buffer.o
 .debug_macro   0x00000000       0x16 src/libraries/FreeRTOS/src/stream_buffer.o
 .debug_macro   0x00000000       0xb5 src/libraries/FreeRTOS/src/stream_buffer.o
 .debug_macro   0x00000000       0xaa src/libraries/FreeRTOS/src/stream_buffer.o
 .debug_macro   0x00000000       0x18 src/libraries/FreeRTOS/src/stream_buffer.o
 .debug_line    0x00000000      0x920 src/libraries/FreeRTOS/src/stream_buffer.o
 .debug_str     0x00000000     0xcebf src/libraries/FreeRTOS/src/stream_buffer.o
 .comment       0x00000000       0x31 src/libraries/FreeRTOS/src/stream_buffer.o
 .debug_frame   0x00000000      0x38c src/libraries/FreeRTOS/src/stream_buffer.o
 .group         0x00000000        0x8 src/libraries/FreeRTOS/src/tasks.o
 .group         0x00000000        0x8 src/libraries/FreeRTOS/src/tasks.o
 .group         0x00000000        0x8 src/libraries/FreeRTOS/src/tasks.o
 .group         0x00000000        0x8 src/libraries/FreeRTOS/src/tasks.o
 .group         0x00000000        0x8 src/libraries/FreeRTOS/src/tasks.o
 .group         0x00000000        0x8 src/libraries/FreeRTOS/src/tasks.o
 .group         0x00000000        0x8 src/libraries/FreeRTOS/src/tasks.o
 .group         0x00000000        0x8 src/libraries/FreeRTOS/src/tasks.o
 .group         0x00000000        0x8 src/libraries/FreeRTOS/src/tasks.o
 .group         0x00000000        0x8 src/libraries/FreeRTOS/src/tasks.o
 .group         0x00000000        0x8 src/libraries/FreeRTOS/src/tasks.o
 .group         0x00000000        0x8 src/libraries/FreeRTOS/src/tasks.o
 .group         0x00000000        0x8 src/libraries/FreeRTOS/src/tasks.o
 .group         0x00000000        0x8 src/libraries/FreeRTOS/src/tasks.o
 .group         0x00000000        0x8 src/libraries/FreeRTOS/src/tasks.o
 .group         0x00000000        0x8 src/libraries/FreeRTOS/src/tasks.o
 .group         0x00000000        0x8 src/libraries/FreeRTOS/src/tasks.o
 .group         0x00000000        0x8 src/libraries/FreeRTOS/src/tasks.o
 .group         0x00000000        0x8 src/libraries/FreeRTOS/src/tasks.o
 .group         0x00000000        0x8 src/libraries/FreeRTOS/src/tasks.o
 .group         0x00000000        0x8 src/libraries/FreeRTOS/src/tasks.o
 .group         0x00000000        0x8 src/libraries/FreeRTOS/src/tasks.o
 .group         0x00000000        0x8 src/libraries/FreeRTOS/src/tasks.o
 .group         0x00000000        0x8 src/libraries/FreeRTOS/src/tasks.o
 .group         0x00000000        0x8 src/libraries/FreeRTOS/src/tasks.o
 .group         0x00000000        0x8 src/libraries/FreeRTOS/src/tasks.o
 .group         0x00000000        0x8 src/libraries/FreeRTOS/src/tasks.o
 .group         0x00000000        0x8 src/libraries/FreeRTOS/src/tasks.o
 .group         0x00000000        0x8 src/libraries/FreeRTOS/src/tasks.o
 .text          0x00000000        0x0 src/libraries/FreeRTOS/src/tasks.o
 .data          0x00000000        0x0 src/libraries/FreeRTOS/src/tasks.o
 .bss           0x00000000        0x0 src/libraries/FreeRTOS/src/tasks.o
 .text.prvAddCurrentTaskToDelayedList
                0x00000000       0xb0 src/libraries/FreeRTOS/src/tasks.o
 .lowtext       0x00000000       0x74 src/libraries/FreeRTOS/src/tasks.o
 .text.xTaskCreate
                0x00000000      0x238 src/libraries/FreeRTOS/src/tasks.o
 .text.vTaskDelete
                0x00000000       0xaa src/libraries/FreeRTOS/src/tasks.o
 .text.uxTaskPriorityGet
                0x00000000       0x1e src/libraries/FreeRTOS/src/tasks.o
 .text.uxTaskPriorityGetFromISR
                0x00000000       0x14 src/libraries/FreeRTOS/src/tasks.o
 .text.vTaskPrioritySet
                0x00000000       0xf8 src/libraries/FreeRTOS/src/tasks.o
 .text.vTaskResume
                0x00000000       0x9e src/libraries/FreeRTOS/src/tasks.o
 .text.xTaskResumeFromISR
                0x00000000       0xae src/libraries/FreeRTOS/src/tasks.o
 .rodata.str1.1
                0x00000000        0x5 src/libraries/FreeRTOS/src/tasks.o
 .text.vTaskStartScheduler
                0x00000000       0x5c src/libraries/FreeRTOS/src/tasks.o
 .text.vTaskEndScheduler
                0x00000000        0xe src/libraries/FreeRTOS/src/tasks.o
 .text.vTaskSuspendAll
                0x00000000        0xc src/libraries/FreeRTOS/src/tasks.o
 .text.xTaskGetTickCount
                0x00000000       0x14 src/libraries/FreeRTOS/src/tasks.o
 .text.xTaskGetTickCountFromISR
                0x00000000        0xa src/libraries/FreeRTOS/src/tasks.o
 .text.uxTaskGetNumberOfTasks
                0x00000000        0x6 src/libraries/FreeRTOS/src/tasks.o
 .text.pcTaskGetName
                0x00000000       0x10 src/libraries/FreeRTOS/src/tasks.o
 .text.xTaskResumeAll
                0x00000000       0xfe src/libraries/FreeRTOS/src/tasks.o
 .text.vTaskDelayUntil
                0x00000000       0x7c src/libraries/FreeRTOS/src/tasks.o
 .text.vTaskDelay
                0x00000000       0x28 src/libraries/FreeRTOS/src/tasks.o
 .text.vTaskSuspend
                0x00000000       0xa4 src/libraries/FreeRTOS/src/tasks.o
 .text.vTaskPlaceOnEventList
                0x00000000       0x24 src/libraries/FreeRTOS/src/tasks.o
 .text.vTaskPlaceOnUnorderedEventList
                0x00000000       0x32 src/libraries/FreeRTOS/src/tasks.o
 .text.vTaskPlaceOnEventListRestricted
                0x00000000       0x32 src/libraries/FreeRTOS/src/tasks.o
 .text.xTaskRemoveFromEventList
                0x00000000       0x90 src/libraries/FreeRTOS/src/tasks.o
 .text.vTaskRemoveFromUnorderedEventList
                0x00000000       0x70 src/libraries/FreeRTOS/src/tasks.o
 .text.vTaskSetTimeOutState
                0x00000000       0x20 src/libraries/FreeRTOS/src/tasks.o
 .text.vTaskInternalSetTimeOutState
                0x00000000       0x16 src/libraries/FreeRTOS/src/tasks.o
 .text.xTaskCheckForTimeOut
                0x00000000       0x6c src/libraries/FreeRTOS/src/tasks.o
 .text.vTaskMissedYield
                0x00000000        0x8 src/libraries/FreeRTOS/src/tasks.o
 .text.uxTaskGetStackHighWaterMark
                0x00000000       0x3a src/libraries/FreeRTOS/src/tasks.o
 .text.xTaskGetCurrentTaskHandle
                0x00000000        0xa src/libraries/FreeRTOS/src/tasks.o
 .text.xTaskGetSchedulerState
                0x00000000       0x1c src/libraries/FreeRTOS/src/tasks.o
 .text.xTaskPriorityInherit
                0x00000000       0xe4 src/libraries/FreeRTOS/src/tasks.o
 .text.xTaskPriorityDisinherit
                0x00000000       0x80 src/libraries/FreeRTOS/src/tasks.o
 .text.vTaskPriorityDisinheritAfterTimeout
                0x00000000       0xa0 src/libraries/FreeRTOS/src/tasks.o
 .text.uxTaskResetEventItemValue
                0x00000000       0x2e src/libraries/FreeRTOS/src/tasks.o
 .text.pvTaskIncrementMutexHeldCount
                0x00000000       0x24 src/libraries/FreeRTOS/src/tasks.o
 .text.ulTaskNotifyTake
                0x00000000       0xae src/libraries/FreeRTOS/src/tasks.o
 .text.xTaskNotifyWait
                0x00000000      0x108 src/libraries/FreeRTOS/src/tasks.o
 .text.xTaskGenericNotify
                0x00000000       0xfc src/libraries/FreeRTOS/src/tasks.o
 .text.xTaskGenericNotifyFromISR
                0x00000000      0x120 src/libraries/FreeRTOS/src/tasks.o
 .text.vTaskNotifyGiveFromISR
                0x00000000       0xb4 src/libraries/FreeRTOS/src/tasks.o
 .text.xTaskNotifyStateClear
                0x00000000       0x28 src/libraries/FreeRTOS/src/tasks.o
 .bss.xIdleTaskHandle
                0x00000000        0x2 src/libraries/FreeRTOS/src/tasks.o
 .bss.uxTaskNumber
                0x00000000        0x1 src/libraries/FreeRTOS/src/tasks.o
 .bss.xSchedulerRunning
                0x00000000        0x1 src/libraries/FreeRTOS/src/tasks.o
 .bss.uxCurrentNumberOfTasks
                0x00000000        0x1 src/libraries/FreeRTOS/src/tasks.o
 .bss.xSuspendedTaskList
                0x00000000        0x9 src/libraries/FreeRTOS/src/tasks.o
 .bss.uxDeletedTasksWaitingCleanUp
                0x00000000        0x1 src/libraries/FreeRTOS/src/tasks.o
 .bss.xTasksWaitingTermination
                0x00000000        0x9 src/libraries/FreeRTOS/src/tasks.o
 .bss.xPendingReadyList
                0x00000000        0x9 src/libraries/FreeRTOS/src/tasks.o
 .bss.xDelayedTaskList2
                0x00000000        0x9 src/libraries/FreeRTOS/src/tasks.o
 .bss.xDelayedTaskList1
                0x00000000        0x9 src/libraries/FreeRTOS/src/tasks.o
 .debug_macro   0x00000000      0xa78 src/libraries/FreeRTOS/src/tasks.o
 .debug_macro   0x00000000       0x1c src/libraries/FreeRTOS/src/tasks.o
 .debug_macro   0x00000000      0x10e src/libraries/FreeRTOS/src/tasks.o
 .debug_macro   0x00000000       0x66 src/libraries/FreeRTOS/src/tasks.o
 .debug_macro   0x00000000       0x16 src/libraries/FreeRTOS/src/tasks.o
 .debug_macro   0x00000000       0x20 src/libraries/FreeRTOS/src/tasks.o
 .debug_macro   0x00000000       0x86 src/libraries/FreeRTOS/src/tasks.o
 .debug_macro   0x00000000      0x1c9 src/libraries/FreeRTOS/src/tasks.o
 .debug_macro   0x00000000       0x10 src/libraries/FreeRTOS/src/tasks.o
 .debug_macro   0x00000000      0x302 src/libraries/FreeRTOS/src/tasks.o
 .debug_macro   0x00000000       0x9e src/libraries/FreeRTOS/src/tasks.o
 .debug_macro   0x00000000     0x1fde src/libraries/FreeRTOS/src/tasks.o
 .debug_macro   0x00000000      0x2ea src/libraries/FreeRTOS/src/tasks.o
 .debug_macro   0x00000000       0xd9 src/libraries/FreeRTOS/src/tasks.o
 .debug_macro   0x00000000       0x34 src/libraries/FreeRTOS/src/tasks.o
 .debug_macro   0x00000000       0x18 src/libraries/FreeRTOS/src/tasks.o
 .debug_macro   0x00000000       0x6c src/libraries/FreeRTOS/src/tasks.o
 .debug_macro   0x00000000      0x100 src/libraries/FreeRTOS/src/tasks.o
 .debug_macro   0x00000000       0x52 src/libraries/FreeRTOS/src/tasks.o
 .debug_macro   0x00000000       0x82 src/libraries/FreeRTOS/src/tasks.o
 .debug_macro   0x00000000       0x10 src/libraries/FreeRTOS/src/tasks.o
 .debug_macro   0x00000000       0x68 src/libraries/FreeRTOS/src/tasks.o
 .debug_macro   0x00000000       0x26 src/libraries/FreeRTOS/src/tasks.o
 .debug_macro   0x00000000      0x41d src/libraries/FreeRTOS/src/tasks.o
 .debug_macro   0x00000000       0x16 src/libraries/FreeRTOS/src/tasks.o
 .debug_macro   0x00000000       0xb5 src/libraries/FreeRTOS/src/tasks.o
 .debug_macro   0x00000000       0xaa src/libraries/FreeRTOS/src/tasks.o
 .debug_macro   0x00000000       0x97 src/libraries/FreeRTOS/src/tasks.o
 .group         0x00000000        0x8 src/libraries/FreeRTOS/src/timers.o
 .group         0x00000000        0x8 src/libraries/FreeRTOS/src/timers.o
 .group         0x00000000        0x8 src/libraries/FreeRTOS/src/timers.o
 .group         0x00000000        0x8 src/libraries/FreeRTOS/src/timers.o
 .group         0x00000000        0x8 src/libraries/FreeRTOS/src/timers.o
 .group         0x00000000        0x8 src/libraries/FreeRTOS/src/timers.o
 .group         0x00000000        0x8 src/libraries/FreeRTOS/src/timers.o
 .group         0x00000000        0x8 src/libraries/FreeRTOS/src/timers.o
 .group         0x00000000        0x8 src/libraries/FreeRTOS/src/timers.o
 .group         0x00000000        0x8 src/libraries/FreeRTOS/src/timers.o
 .group         0x00000000        0x8 src/libraries/FreeRTOS/src/timers.o
 .group         0x00000000        0x8 src/libraries/FreeRTOS/src/timers.o
 .group         0x00000000        0x8 src/libraries/FreeRTOS/src/timers.o
 .group         0x00000000        0x8 src/libraries/FreeRTOS/src/timers.o
 .group         0x00000000        0x8 src/libraries/FreeRTOS/src/timers.o
 .group         0x00000000        0x8 src/libraries/FreeRTOS/src/timers.o
 .group         0x00000000        0x8 src/libraries/FreeRTOS/src/timers.o
 .group         0x00000000        0x8 src/libraries/FreeRTOS/src/timers.o
 .group         0x00000000        0x8 src/libraries/FreeRTOS/src/timers.o
 .group         0x00000000        0x8 src/libraries/FreeRTOS/src/timers.o
 .group         0x00000000        0x8 src/libraries/FreeRTOS/src/timers.o
 .group         0x00000000        0x8 src/libraries/FreeRTOS/src/timers.o
 .group         0x00000000        0x8 src/libraries/FreeRTOS/src/timers.o
 .group         0x00000000        0x8 src/libraries/FreeRTOS/src/timers.o
 .group         0x00000000        0x8 src/libraries/FreeRTOS/src/timers.o
 .group         0x00000000        0x8 src/libraries/FreeRTOS/src/timers.o
 .group         0x00000000        0x8 src/libraries/FreeRTOS/src/timers.o
 .text          0x00000000        0x0 src/libraries/FreeRTOS/src/timers.o
 .data          0x00000000        0x0 src/libraries/FreeRTOS/src/timers.o
 .bss           0x00000000        0x0 src/libraries/FreeRTOS/src/timers.o
 .text.prvInsertTimerInActiveList
                0x00000000       0x5e src/libraries/FreeRTOS/src/timers.o
 .text.prvCheckForValidListAndQueue
                0x00000000       0x52 src/libraries/FreeRTOS/src/timers.o
 .rodata.str1.1
                0x00000000        0x8 src/libraries/FreeRTOS/src/timers.o
 .text.xTimerCreateTimerTask
                0x00000000       0x44 src/libraries/FreeRTOS/src/timers.o
 .text.xTimerCreate
                0x00000000       0x6e src/libraries/FreeRTOS/src/timers.o
 .text.xTimerGenericCommand
                0x00000000       0x90 src/libraries/FreeRTOS/src/timers.o
 .text.prvSampleTimeNow
                0x00000000       0xe0 src/libraries/FreeRTOS/src/timers.o
 .lowtext       0x00000000      0x212 src/libraries/FreeRTOS/src/timers.o
 .progmem.gcc_sw_table
                0x00000000       0x14 src/libraries/FreeRTOS/src/timers.o
 .text.xTimerGetTimerDaemonTaskHandle
                0x00000000        0xa src/libraries/FreeRTOS/src/timers.o
 .text.xTimerGetPeriod
                0x00000000        0x8 src/libraries/FreeRTOS/src/timers.o
 .text.vTimerSetReloadMode
                0x00000000       0x22 src/libraries/FreeRTOS/src/timers.o
 .text.xTimerGetExpiryTime
                0x00000000        0x8 src/libraries/FreeRTOS/src/timers.o
 .text.pcTimerGetName
                0x00000000        0x8 src/libraries/FreeRTOS/src/timers.o
 .text.xTimerIsTimerActive
                0x00000000       0x12 src/libraries/FreeRTOS/src/timers.o
 .text.pvTimerGetTimerID
                0x00000000       0x12 src/libraries/FreeRTOS/src/timers.o
 .text.vTimerSetTimerID
                0x00000000       0x12 src/libraries/FreeRTOS/src/timers.o
 .bss.xLastTime.2408
                0x00000000        0x2 src/libraries/FreeRTOS/src/timers.o
 .bss.xTimerTaskHandle
                0x00000000        0x2 src/libraries/FreeRTOS/src/timers.o
 .bss.xTimerQueue
                0x00000000        0x2 src/libraries/FreeRTOS/src/timers.o
 .bss.pxOverflowTimerList
                0x00000000        0x2 src/libraries/FreeRTOS/src/timers.o
 .bss.pxCurrentTimerList
                0x00000000        0x2 src/libraries/FreeRTOS/src/timers.o
 .bss.xActiveTimerList2
                0x00000000        0x9 src/libraries/FreeRTOS/src/timers.o
 .bss.xActiveTimerList1
                0x00000000        0x9 src/libraries/FreeRTOS/src/timers.o
 .debug_info    0x00000000     0x1000 src/libraries/FreeRTOS/src/timers.o
 .debug_abbrev  0x00000000      0x312 src/libraries/FreeRTOS/src/timers.o
 .debug_loc     0x00000000      0xbc5 src/libraries/FreeRTOS/src/timers.o
 .debug_aranges
                0x00000000       0x90 src/libraries/FreeRTOS/src/timers.o
 .debug_ranges  0x00000000       0xe0 src/libraries/FreeRTOS/src/timers.o
 .debug_macro   0x00000000      0x159 src/libraries/FreeRTOS/src/timers.o
 .debug_macro   0x00000000      0xa78 src/libraries/FreeRTOS/src/timers.o
 .debug_macro   0x00000000       0x1c src/libraries/FreeRTOS/src/timers.o
 .debug_macro   0x00000000      0x10e src/libraries/FreeRTOS/src/timers.o
 .debug_macro   0x00000000       0x66 src/libraries/FreeRTOS/src/timers.o
 .debug_macro   0x00000000       0x86 src/libraries/FreeRTOS/src/timers.o
 .debug_macro   0x00000000      0x1c9 src/libraries/FreeRTOS/src/timers.o
 .debug_macro   0x00000000       0x10 src/libraries/FreeRTOS/src/timers.o
 .debug_macro   0x00000000      0x302 src/libraries/FreeRTOS/src/timers.o
 .debug_macro   0x00000000       0x9e src/libraries/FreeRTOS/src/timers.o
 .debug_macro   0x00000000     0x1fde src/libraries/FreeRTOS/src/timers.o
 .debug_macro   0x00000000      0x2ea src/libraries/FreeRTOS/src/timers.o
 .debug_macro   0x00000000       0xd9 src/libraries/FreeRTOS/src/timers.o
 .debug_macro   0x00000000       0x34 src/libraries/FreeRTOS/src/timers.o
 .debug_macro   0x00000000       0x18 src/libraries/FreeRTOS/src/timers.o
 .debug_macro   0x00000000       0x6c src/libraries/FreeRTOS/src/timers.o
 .debug_macro   0x00000000      0x100 src/libraries/FreeRTOS/src/timers.o
 .debug_macro   0x00000000       0x52 src/libraries/FreeRTOS/src/timers.o
 .debug_macro   0x00000000       0x82 src/libraries/FreeRTOS/src/timers.o
 .debug_macro   0x00000000       0x10 src/libraries/FreeRTOS/src/timers.o
 .debug_macro   0x00000000       0x68 src/libraries/FreeRTOS/src/timers.o
 .debug_macro   0x00000000       0x26 src/libraries/FreeRTOS/src/timers.o
 .debug_macro   0x00000000      0x41d src/libraries/FreeRTOS/src/timers.o
 .debug_macro   0x00000000       0x16 src/libraries/FreeRTOS/src/timers.o
 .debug_macro   0x00000000       0xb5 src/libraries/FreeRTOS/src/timers.o
 .debug_macro   0x00000000       0xaa src/libraries/FreeRTOS/src/timers.o
 .debug_macro   0x00000000       0x86 src/libraries/FreeRTOS/src/timers.o
 .debug_macro   0x00000000       0x97 src/libraries/FreeRTOS/src/timers.o
 .debug_line    0x00000000      0x76d src/libraries/FreeRTOS/src/timers.o
 .debug_str     0x00000000     0xd691 src/libraries/FreeRTOS/src/timers.o
 .comment       0x00000000       0x31 src/libraries/FreeRTOS/src/timers.o
 .debug_frame   0x00000000      0x1ac src/libraries/FreeRTOS/src/timers.o
 .text          0x00000000        0x0 c:/program files (x86)/atmel/studio/7.0/toolchain/avr8/avr8-gnu-toolchain/bin/../lib/gcc/avr/5.4.0/avr6\libgcc.a(_exit.o)
 .data          0x00000000        0x0 c:/program files (x86)/atmel/studio/7.0/toolchain/avr8/avr8-gnu-toolchain/bin/../lib/gcc/avr/5.4.0/avr6\libgcc.a(_exit.o)
 .bss           0x00000000        0x0 c:/program files (x86)/atmel/studio/7.0/toolchain/avr8/avr8-gnu-toolchain/bin/../lib/gcc/avr/5.4.0/avr6\libgcc.a(_exit.o)
 .text.libgcc.mul
                0x00000000        0x0 c:/program files (x86)/atmel/studio/7.0/toolchain/avr8/avr8-gnu-toolchain/bin/../lib/gcc/avr/5.4.0/avr6\libgcc.a(_exit.o)
 .text.libgcc.div
                0x00000000        0x0 c:/program files (x86)/atmel/studio/7.0/toolchain/avr8/avr8-gnu-toolchain/bin/../lib/gcc/avr/5.4.0/avr6\libgcc.a(_exit.o)
 .text.libgcc   0x00000000        0x0 c:/program files (x86)/atmel/studio/7.0/toolchain/avr8/avr8-gnu-toolchain/bin/../lib/gcc/avr/5.4.0/avr6\libgcc.a(_exit.o)
 .text.libgcc.prologue
                0x00000000        0x0 c:/program files (x86)/atmel/studio/7.0/toolchain/avr8/avr8-gnu-toolchain/bin/../lib/gcc/avr/5.4.0/avr6\libgcc.a(_exit.o)
 .text.libgcc.builtins
                0x00000000        0x0 c:/program files (x86)/atmel/studio/7.0/toolchain/avr8/avr8-gnu-toolchain/bin/../lib/gcc/avr/5.4.0/avr6\libgcc.a(_exit.o)
 .text.libgcc.fmul
                0x00000000        0x0 c:/program files (x86)/atmel/studio/7.0/toolchain/avr8/avr8-gnu-toolchain/bin/../lib/gcc/avr/5.4.0/avr6\libgcc.a(_exit.o)
 .text.libgcc.fixed
                0x00000000        0x0 c:/program files (x86)/atmel/studio/7.0/toolchain/avr8/avr8-gnu-toolchain/bin/../lib/gcc/avr/5.4.0/avr6\libgcc.a(_exit.o)
 .text          0x00000000        0x0 c:/program files (x86)/atmel/studio/7.0/toolchain/avr8/avr8-gnu-toolchain/bin/../lib/gcc/avr/5.4.0/avr6\libgcc.a(_tablejump2.o)
 .data          0x00000000        0x0 c:/program files (x86)/atmel/studio/7.0/toolchain/avr8/avr8-gnu-toolchain/bin/../lib/gcc/avr/5.4.0/avr6\libgcc.a(_tablejump2.o)
 .bss           0x00000000        0x0 c:/program files (x86)/atmel/studio/7.0/toolchain/avr8/avr8-gnu-toolchain/bin/../lib/gcc/avr/5.4.0/avr6\libgcc.a(_tablejump2.o)
 .text.libgcc.mul
                0x00000000        0x0 c:/program files (x86)/atmel/studio/7.0/toolchain/avr8/avr8-gnu-toolchain/bin/../lib/gcc/avr/5.4.0/avr6\libgcc.a(_tablejump2.o)
 .text.libgcc.div
                0x00000000        0x0 c:/program files (x86)/atmel/studio/7.0/toolchain/avr8/avr8-gnu-toolchain/bin/../lib/gcc/avr/5.4.0/avr6\libgcc.a(_tablejump2.o)
 .text.libgcc   0x00000000       0x10 c:/program files (x86)/atmel/studio/7.0/toolchain/avr8/avr8-gnu-toolchain/bin/../lib/gcc/avr/5.4.0/avr6\libgcc.a(_tablejump2.o)
 .text.libgcc.prologue
                0x00000000        0x0 c:/program files (x86)/atmel/studio/7.0/toolchain/avr8/avr8-gnu-toolchain/bin/../lib/gcc/avr/5.4.0/avr6\libgcc.a(_tablejump2.o)
 .text.libgcc.builtins
                0x00000000        0x0 c:/program files (x86)/atmel/studio/7.0/toolchain/avr8/avr8-gnu-toolchain/bin/../lib/gcc/avr/5.4.0/avr6\libgcc.a(_tablejump2.o)
 .text.libgcc.fmul
                0x00000000        0x0 c:/program files (x86)/atmel/studio/7.0/toolchain/avr8/avr8-gnu-toolchain/bin/../lib/gcc/avr/5.4.0/avr6\libgcc.a(_tablejump2.o)
 .text.libgcc.fixed
                0x00000000        0x0 c:/program files (x86)/atmel/studio/7.0/toolchain/avr8/avr8-gnu-toolchain/bin/../lib/gcc/avr/5.4.0/avr6\libgcc.a(_tablejump2.o)
 .text          0x00000000        0x0 c:/program files (x86)/atmel/studio/7.0/toolchain/avr8/avr8-gnu-toolchain/bin/../lib/gcc/avr/5.4.0/avr6\libgcc.a(_copy_data.o)
 .data          0x00000000        0x0 c:/program files (x86)/atmel/studio/7.0/toolchain/avr8/avr8-gnu-toolchain/bin/../lib/gcc/avr/5.4.0/avr6\libgcc.a(_copy_data.o)
 .bss           0x00000000        0x0 c:/program files (x86)/atmel/studio/7.0/toolchain/avr8/avr8-gnu-toolchain/bin/../lib/gcc/avr/5.4.0/avr6\libgcc.a(_copy_data.o)
 .text.libgcc.mul
                0x00000000        0x0 c:/program files (x86)/atmel/studio/7.0/toolchain/avr8/avr8-gnu-toolchain/bin/../lib/gcc/avr/5.4.0/avr6\libgcc.a(_copy_data.o)
 .text.libgcc.div
                0x00000000        0x0 c:/program files (x86)/atmel/studio/7.0/toolchain/avr8/avr8-gnu-toolchain/bin/../lib/gcc/avr/5.4.0/avr6\libgcc.a(_copy_data.o)
 .text.libgcc   0x00000000        0x0 c:/program files (x86)/atmel/studio/7.0/toolchain/avr8/avr8-gnu-toolchain/bin/../lib/gcc/avr/5.4.0/avr6\libgcc.a(_copy_data.o)
 .text.libgcc.prologue
                0x00000000        0x0 c:/program files (x86)/atmel/studio/7.0/toolchain/avr8/avr8-gnu-toolchain/bin/../lib/gcc/avr/5.4.0/avr6\libgcc.a(_copy_data.o)
 .text.libgcc.builtins
                0x00000000        0x0 c:/program files (x86)/atmel/studio/7.0/toolchain/avr8/avr8-gnu-toolchain/bin/../lib/gcc/avr/5.4.0/avr6\libgcc.a(_copy_data.o)
 .text.libgcc.fmul
                0x00000000        0x0 c:/program files (x86)/atmel/studio/7.0/toolchain/avr8/avr8-gnu-toolchain/bin/../lib/gcc/avr/5.4.0/avr6\libgcc.a(_copy_data.o)
 .text.libgcc.fixed
                0x00000000        0x0 c:/program files (x86)/atmel/studio/7.0/toolchain/avr8/avr8-gnu-toolchain/bin/../lib/gcc/avr/5.4.0/avr6\libgcc.a(_copy_data.o)
 .text          0x00000000        0x0 c:/program files (x86)/atmel/studio/7.0/toolchain/avr8/avr8-gnu-toolchain/bin/../lib/gcc/avr/5.4.0/avr6\libgcc.a(_clear_bss.o)
 .data          0x00000000        0x0 c:/program files (x86)/atmel/studio/7.0/toolchain/avr8/avr8-gnu-toolchain/bin/../lib/gcc/avr/5.4.0/avr6\libgcc.a(_clear_bss.o)
 .bss           0x00000000        0x0 c:/program files (x86)/atmel/studio/7.0/toolchain/avr8/avr8-gnu-toolchain/bin/../lib/gcc/avr/5.4.0/avr6\libgcc.a(_clear_bss.o)
 .text.libgcc.mul
                0x00000000        0x0 c:/program files (x86)/atmel/studio/7.0/toolchain/avr8/avr8-gnu-toolchain/bin/../lib/gcc/avr/5.4.0/avr6\libgcc.a(_clear_bss.o)
 .text.libgcc.div
                0x00000000        0x0 c:/program files (x86)/atmel/studio/7.0/toolchain/avr8/avr8-gnu-toolchain/bin/../lib/gcc/avr/5.4.0/avr6\libgcc.a(_clear_bss.o)
 .text.libgcc   0x00000000        0x0 c:/program files (x86)/atmel/studio/7.0/toolchain/avr8/avr8-gnu-toolchain/bin/../lib/gcc/avr/5.4.0/avr6\libgcc.a(_clear_bss.o)
 .text.libgcc.prologue
                0x00000000        0x0 c:/program files (x86)/atmel/studio/7.0/toolchain/avr8/avr8-gnu-toolchain/bin/../lib/gcc/avr/5.4.0/avr6\libgcc.a(_clear_bss.o)
 .text.libgcc.builtins
                0x00000000        0x0 c:/program files (x86)/atmel/studio/7.0/toolchain/avr8/avr8-gnu-toolchain/bin/../lib/gcc/avr/5.4.0/avr6\libgcc.a(_clear_bss.o)
 .text.libgcc.fmul
                0x00000000        0x0 c:/program files (x86)/atmel/studio/7.0/toolchain/avr8/avr8-gnu-toolchain/bin/../lib/gcc/avr/5.4.0/avr6\libgcc.a(_clear_bss.o)
 .text.libgcc.fixed
                0x00000000        0x0 c:/program files (x86)/atmel/studio/7.0/toolchain/avr8/avr8-gnu-toolchain/bin/../lib/gcc/avr/5.4.0/avr6\libgcc.a(_clear_bss.o)
 .text          0x00000000        0x0 c:/program files (x86)/atmel/studio/7.0/toolchain/avr8/avr8-gnu-toolchain/bin/../lib/gcc/avr/5.4.0/../../../../avr/lib/avr6\libc.a(malloc.o)
 .data          0x00000000        0x6 c:/program files (x86)/atmel/studio/7.0/toolchain/avr8/avr8-gnu-toolchain/bin/../lib/gcc/avr/5.4.0/../../../../avr/lib/avr6\libc.a(malloc.o)
 .bss           0x00000000        0x0 c:/program files (x86)/atmel/studio/7.0/toolchain/avr8/avr8-gnu-toolchain/bin/../lib/gcc/avr/5.4.0/../../../../avr/lib/avr6\libc.a(malloc.o)
 .text.avr-libc
                0x00000000      0x242 c:/program files (x86)/atmel/studio/7.0/toolchain/avr8/avr8-gnu-toolchain/bin/../lib/gcc/avr/5.4.0/../../../../avr/lib/avr6\libc.a(malloc.o)
 .comment       0x00000000       0x31 c:/program files (x86)/atmel/studio/7.0/toolchain/avr8/avr8-gnu-toolchain/bin/../lib/gcc/avr/5.4.0/../../../../avr/lib/avr6\libc.a(malloc.o)
 COMMON         0x00000000        0x4 c:/program files (x86)/atmel/studio/7.0/toolchain/avr8/avr8-gnu-toolchain/bin/../lib/gcc/avr/5.4.0/../../../../avr/lib/avr6\libc.a(malloc.o)
 .text          0x00000000        0x0 c:/program files (x86)/atmel/studio/7.0/toolchain/avr8/avr8-gnu-toolchain/bin/../lib/gcc/avr/5.4.0/../../../../avr/lib/avr6\libc.a(memcpy.o)
 .data          0x00000000        0x0 c:/program files (x86)/atmel/studio/7.0/toolchain/avr8/avr8-gnu-toolchain/bin/../lib/gcc/avr/5.4.0/../../../../avr/lib/avr6\libc.a(memcpy.o)
 .bss           0x00000000        0x0 c:/program files (x86)/atmel/studio/7.0/toolchain/avr8/avr8-gnu-toolchain/bin/../lib/gcc/avr/5.4.0/../../../../avr/lib/avr6\libc.a(memcpy.o)
 .text.avr-libc
                0x00000000       0x12 c:/program files (x86)/atmel/studio/7.0/toolchain/avr8/avr8-gnu-toolchain/bin/../lib/gcc/avr/5.4.0/../../../../avr/lib/avr6\libc.a(memcpy.o)
 .text          0x00000000        0x0 c:/program files (x86)/atmel/studio/7.0/toolchain/avr8/avr8-gnu-toolchain/bin/../lib/gcc/avr/5.4.0/../../../../avr/lib/avr6\libc.a(memset.o)
 .data          0x00000000        0x0 c:/program files (x86)/atmel/studio/7.0/toolchain/avr8/avr8-gnu-toolchain/bin/../lib/gcc/avr/5.4.0/../../../../avr/lib/avr6\libc.a(memset.o)
 .bss           0x00000000        0x0 c:/program files (x86)/atmel/studio/7.0/toolchain/avr8/avr8-gnu-toolchain/bin/../lib/gcc/avr/5.4.0/../../../../avr/lib/avr6\libc.a(memset.o)
 .text.avr-libc
                0x00000000        0xe c:/program files (x86)/atmel/studio/7.0/toolchain/avr8/avr8-gnu-toolchain/bin/../lib/gcc/avr/5.4.0/../../../../avr/lib/avr6\libc.a(memset.o)

Memory Configuration

Name             Origin             Length             Attributes
text             0x00000000         0x00100000         xr
data             0x00800200         0x0000fe00         rw !x
eeprom           0x00810000         0x00010000         rw !x
fuse             0x00820000         0x00000003         rw !x
lock             0x00830000         0x00000400         rw !x
signature        0x00840000         0x00000400         rw !x
user_signatures  0x00850000         0x00000400         rw !x
*default*        0x00000000         0xffffffff

Linker script and memory map

Address of section .data set to 0x800200
LOAD C:/Program Files (x86)/Atmel/Studio/7.0/Packs/atmel/ATmega_DFP/1.3.300/gcc/dev/atmega2560/avr6/crtatmega2560.o
LOAD src/libraries/FreeRTOS/src/croutine.o
LOAD src/libraries/FreeRTOS/src/event_groups.o
LOAD src/libraries/FreeRTOS/src/heap_3.o
LOAD src/libraries/FreeRTOS/src/list.o
LOAD src/libraries/FreeRTOS/src/port.o
LOAD src/libraries/FreeRTOS/src/queue.o
LOAD src/libraries/FreeRTOS/src/stream_buffer.o
LOAD src/libraries/FreeRTOS/src/tasks.o
LOAD src/libraries/FreeRTOS/src/timers.o
START GROUP
LOAD c:/program files (x86)/atmel/studio/7.0/toolchain/avr8/avr8-gnu-toolchain/bin/../lib/gcc/avr/5.4.0/../../../../avr/lib/avr6\libm.a
LOAD R:\arduino\custom_projects\21_SmartCar\10_SmartCarCode\SmartCar\SupportPackage\Debug\libSupportPackage.a
END GROUP
START GROUP
LOAD c:/program files (x86)/atmel/studio/7.0/toolchain/avr8/avr8-gnu-toolchain/bin/../lib/gcc/avr/5.4.0/avr6\libgcc.a
LOAD c:/program files (x86)/atmel/studio/7.0/toolchain/avr8/avr8-gnu-toolchain/bin/../lib/gcc/avr/5.4.0/../../../../avr/lib/avr6\libm.a
LOAD c:/program files (x86)/atmel/studio/7.0/toolchain/avr8/avr8-gnu-toolchain/bin/../lib/gcc/avr/5.4.0/../../../../avr/lib/avr6\libc.a
LOAD C:/Program Files (x86)/Atmel/Studio/7.0/Packs/atmel/ATmega_DFP/1.3.300/gcc/dev/atmega2560/avr6\libatmega2560.a
END GROUP
                0x00000000                __TEXT_REGION_ORIGIN__ = DEFINED (__TEXT_REGION_ORIGIN__)?__TEXT_REGION_ORIGIN__:0x0
                0x00800200                __DATA_REGION_ORIGIN__ = DEFINED (__DATA_REGION_ORIGIN__)?__DATA_REGION_ORIGIN__:0x800200
                0x00100000                __TEXT_REGION_LENGTH__ = DEFINED (__TEXT_REGION_LENGTH__)?__TEXT_REGION_LENGTH__:0x100000
                0x0000fe00                __DATA_REGION_LENGTH__ = DEFINED (__DATA_REGION_LENGTH__)?__DATA_REGION_LENGTH__:0xfe00
                0x00010000                __EEPROM_REGION_LENGTH__ = DEFINED (__EEPROM_REGION_LENGTH__)?__EEPROM_REGION_LENGTH__:0x10000
                [0x00000003]                __FUSE_REGION_LENGTH__ = DEFINED (__FUSE_REGION_LENGTH__)?__FUSE_REGION_LENGTH__:0x400
                0x00000400                __LOCK_REGION_LENGTH__ = DEFINED (__LOCK_REGION_LENGTH__)?__LOCK_REGION_LENGTH__:0x400
                0x00000400                __SIGNATURE_REGION_LENGTH__ = DEFINED (__SIGNATURE_REGION_LENGTH__)?__SIGNATURE_REGION_LENGTH__:0x400
                0x00000400                __USER_SIGNATURE_REGION_LENGTH__ = DEFINED (__USER_SIGNATURE_REGION_LENGTH__)?__USER_SIGNATURE_REGION_LENGTH__:0x400

.hash
 *(.hash)

.dynsym
 *(.dynsym)

.dynstr
 *(.dynstr)

.gnu.version
 *(.gnu.version)

.gnu.version_d
 *(.gnu.version_d)

.gnu.version_r
 *(.gnu.version_r)

.rel.init
 *(.rel.init)

.rela.init
 *(.rela.init)

.rel.text
 *(.rel.text)
 *(.rel.text.*)
 *(.rel.gnu.linkonce.t*)

.rela.text
 *(.rela.text)
 *(.rela.text.*)
 *(.rela.gnu.linkonce.t*)

.rel.fini
 *(.rel.fini)

.rela.fini
 *(.rela.fini)

.rel.rodata
 *(.rel.rodata)
 *(.rel.rodata.*)
 *(.rel.gnu.linkonce.r*)

.rela.rodata
 *(.rela.rodata)
 *(.rela.rodata.*)
 *(.rela.gnu.linkonce.r*)

.rel.data
 *(.rel.data)
 *(.rel.data.*)
 *(.rel.gnu.linkonce.d*)

.rela.data
 *(.rela.data)
 *(.rela.data.*)
 *(.rela.gnu.linkonce.d*)

.rel.ctors
 *(.rel.ctors)

.rela.ctors
 *(.rela.ctors)

.rel.dtors
 *(.rel.dtors)

.rela.dtors
 *(.rela.dtors)

.rel.got
 *(.rel.got)

.rela.got
 *(.rela.got)

.rel.bss
 *(.rel.bss)

.rela.bss
 *(.rela.bss)

.rel.plt
 *(.rel.plt)

.rela.plt
 *(.rela.plt)

.text           0x00000000      0x4fc
 *(.vectors)
 .vectors       0x00000000       0xe4 C:/Program Files (x86)/Atmel/Studio/7.0/Packs/atmel/ATmega_DFP/1.3.300/gcc/dev/atmega2560/avr6/crtatmega2560.o
                0x00000000                __vector_default
                0x00000000                __vectors
 *(.vectors)
 *(.progmem.gcc*)
                0x000000e4                . = ALIGN (0x2)
                0x000000e4                __trampolines_start = .
 *(.trampolines)
 .trampolines   0x000000e4        0x0 linker stubs
 *(.trampolines*)
                0x000000e4                __trampolines_end = .
 *libprintf_flt.a:*(.progmem.data)
 *libc.a:*(.progmem.data)
 *(.progmem*)
                0x000000e4                . = ALIGN (0x2)
 *(.jumptables)
 *(.jumptables*)
 *(.lowtext)
 *(.lowtext*)
                0x000000e4                __ctors_start = .
 *(.ctors)
                0x000000e4                __ctors_end = .
                0x000000e4                __dtors_start = .
 *(.dtors)
                0x000000e4                __dtors_end = .
 SORT(*)(.ctors)
 SORT(*)(.dtors)
 *(.init0)
 .init0         0x000000e4        0x0 C:/Program Files (x86)/Atmel/Studio/7.0/Packs/atmel/ATmega_DFP/1.3.300/gcc/dev/atmega2560/avr6/crtatmega2560.o
                0x000000e4                __init
 *(.init0)
 *(.init1)
 *(.init1)
 *(.init2)
 .init2         0x000000e4       0x10 C:/Program Files (x86)/Atmel/Studio/7.0/Packs/atmel/ATmega_DFP/1.3.300/gcc/dev/atmega2560/avr6/crtatmega2560.o
 *(.init2)
 *(.init3)
 *(.init3)
 *(.init4)
 .init4         0x000000f4       0x1a c:/program files (x86)/atmel/studio/7.0/toolchain/avr8/avr8-gnu-toolchain/bin/../lib/gcc/avr/5.4.0/avr6\libgcc.a(_copy_data.o)
                0x000000f4                __do_copy_data
 .init4         0x0000010e       0x10 c:/program files (x86)/atmel/studio/7.0/toolchain/avr8/avr8-gnu-toolchain/bin/../lib/gcc/avr/5.4.0/avr6\libgcc.a(_clear_bss.o)
                0x0000010e                __do_clear_bss
 *(.init4)
 *(.init5)
 *(.init5)
 *(.init6)
 *(.init6)
 *(.init7)
 *(.init7)
 *(.init8)
 *(.init8)
 *(.init9)
 .init9         0x0000011e        0x6 C:/Program Files (x86)/Atmel/Studio/7.0/Packs/atmel/ATmega_DFP/1.3.300/gcc/dev/atmega2560/avr6/crtatmega2560.o
 *(.init9)
 *(.text)
 .text          0x00000124        0x2 C:/Program Files (x86)/Atmel/Studio/7.0/Packs/atmel/ATmega_DFP/1.3.300/gcc/dev/atmega2560/avr6/crtatmega2560.o
                0x00000124                __vector_38
                0x00000124                __vector_22
                0x00000124                __vector_28
                0x00000124                __vector_1
                0x00000124                __vector_32
                0x00000124                __vector_34
                0x00000124                __vector_24
                0x00000124                __vector_55
                0x00000124                __vector_46
                0x00000124                __bad_interrupt
                0x00000124                __vector_6
                0x00000124                __vector_31
                0x00000124                __vector_35
                0x00000124                __vector_39
                0x00000124                __vector_3
                0x00000124                __vector_23
                0x00000124                __vector_30
                0x00000124                __vector_45
                0x00000124                __vector_25
                0x00000124                __vector_11
                0x00000124                __vector_54
                0x00000124                __vector_13
                0x00000124                __vector_17
                0x00000124                __vector_19
                0x00000124                __vector_56
                0x00000124                __vector_7
                0x00000124                __vector_49
                0x00000124                __vector_41
                0x00000124                __vector_43
                0x00000124                __vector_27
                0x00000124                __vector_5
                0x00000124                __vector_33
                0x00000124                __vector_47
                0x00000124                __vector_52
                0x00000124                __vector_37
                0x00000124                __vector_4
                0x00000124                __vector_44
                0x00000124                __vector_51
                0x00000124                __vector_9
                0x00000124                __vector_2
                0x00000124                __vector_21
                0x00000124                __vector_15
                0x00000124                __vector_36
                0x00000124                __vector_29
                0x00000124                __vector_40
                0x00000124                __vector_8
                0x00000124                __vector_26
                0x00000124                __vector_48
                0x00000124                __vector_14
                0x00000124                __vector_53
                0x00000124                __vector_10
                0x00000124                __vector_50
                0x00000124                __vector_16
                0x00000124                __vector_18
                0x00000124                __vector_20
                0x00000124                __vector_42
                0x00000126                . = ALIGN (0x2)
 *(.text.*)
 .text.vListInsertEnd
                0x00000126       0x42 src/libraries/FreeRTOS/src/list.o
                0x00000126                vListInsertEnd
 .text.uxListRemove
                0x00000168       0x4e src/libraries/FreeRTOS/src/list.o
                0x00000168                uxListRemove
 .text.vPortYieldFromTick
                0x000001b6       0xc6 src/libraries/FreeRTOS/src/port.o
                0x000001b6                vPortYieldFromTick
 .text.__vector_12
                0x0000027c        0x4 src/libraries/FreeRTOS/src/port.o
                0x0000027c                __vector_12
 .text.prvResetNextTaskUnblockTime
                0x00000280       0x3e src/libraries/FreeRTOS/src/tasks.o
 .text.xTaskIncrementTick
                0x000002be      0x16e src/libraries/FreeRTOS/src/tasks.o
                0x000002be                xTaskIncrementTick
 .text.vTaskSwitchContext
                0x0000042c       0xcc src/libraries/FreeRTOS/src/tasks.o
                0x0000042c                vTaskSwitchContext
                0x000004f8                . = ALIGN (0x2)
 *(.fini9)
 .fini9         0x000004f8        0x0 c:/program files (x86)/atmel/studio/7.0/toolchain/avr8/avr8-gnu-toolchain/bin/../lib/gcc/avr/5.4.0/avr6\libgcc.a(_exit.o)
                0x000004f8                _exit
                0x000004f8                exit
 *(.fini9)
 *(.fini8)
 *(.fini8)
 *(.fini7)
 *(.fini7)
 *(.fini6)
 *(.fini6)
 *(.fini5)
 *(.fini5)
 *(.fini4)
 *(.fini4)
 *(.fini3)
 *(.fini3)
 *(.fini2)
 *(.fini2)
 *(.fini1)
 *(.fini1)
 *(.fini0)
 .fini0         0x000004f8        0x4 c:/program files (x86)/atmel/studio/7.0/toolchain/avr8/avr8-gnu-toolchain/bin/../lib/gcc/avr/5.4.0/avr6\libgcc.a(_exit.o)
 *(.fini0)
                0x000004fc                _etext = .

.data           0x00800200        0x0 load address 0x000004fc
                0x00800200                PROVIDE (__data_start, .)
 *(.data)
 *(.data*)
 *(.gnu.linkonce.d*)
 *(.rodata)
 *(.rodata*)
 *(.gnu.linkonce.r*)
                0x00800200                . = ALIGN (0x2)
                0x00800200                _edata = .
                0x00800200                PROVIDE (__data_end, .)

.bss            0x00800200       0x33
                0x00800200                PROVIDE (__bss_start, .)
 *(.bss)
 *(.bss*)
 .bss.uxSchedulerSuspended
                0x00800200        0x1 src/libraries/FreeRTOS/src/tasks.o
 .bss.xNextTaskUnblockTime
                0x00800201        0x2 src/libraries/FreeRTOS/src/tasks.o
 .bss.xNumOfOverflows
                0x00800203        0x1 src/libraries/FreeRTOS/src/tasks.o
 .bss.xYieldPending
                0x00800204        0x1 src/libraries/FreeRTOS/src/tasks.o
 .bss.uxPendedTicks
                0x00800205        0x1 src/libraries/FreeRTOS/src/tasks.o
 .bss.uxTopReadyPriority
                0x00800206        0x1 src/libraries/FreeRTOS/src/tasks.o
 .bss.xTickCount
                0x00800207        0x2 src/libraries/FreeRTOS/src/tasks.o
 .bss.pxOverflowDelayedTaskList
                0x00800209        0x2 src/libraries/FreeRTOS/src/tasks.o
 .bss.pxDelayedTaskList
                0x0080020b        0x2 src/libraries/FreeRTOS/src/tasks.o
 .bss.pxReadyTasksLists
                0x0080020d       0x24 src/libraries/FreeRTOS/src/tasks.o
 .bss.pxCurrentTCB
                0x00800231        0x2 src/libraries/FreeRTOS/src/tasks.o
                0x00800231                pxCurrentTCB
 *(COMMON)
                0x00800233                PROVIDE (__bss_end, .)
                0x000004fc                __data_load_start = LOADADDR (.data)
                0x000004fc                __data_load_end = (__data_load_start + SIZEOF (.data))

.noinit         0x00800233        0x0
                [!provide]                PROVIDE (__noinit_start, .)
 *(.noinit*)
                [!provide]                PROVIDE (__noinit_end, .)
                0x00800233                _end = .
                0x00800233                PROVIDE (__heap_start, .)

.eeprom         0x00810000        0x0
 *(.eeprom*)
                0x00810000                __eeprom_end = .

.fuse
 *(.fuse)
 *(.lfuse)
 *(.hfuse)
 *(.efuse)

.lock
 *(.lock*)

.signature
 *(.signature*)

.user_signatures
 *(.user_signatures*)

.stab
 *(.stab)

.stabstr
 *(.stabstr)

.stab.excl
 *(.stab.excl)

.stab.exclstr
 *(.stab.exclstr)

.stab.index
 *(.stab.index)

.stab.indexstr
 *(.stab.indexstr)

.comment        0x00000000       0x30
 *(.comment)
 .comment       0x00000000       0x30 src/libraries/FreeRTOS/src/list.o
                                 0x31 (size before relaxing)
 .comment       0x00000030       0x31 src/libraries/FreeRTOS/src/port.o
 .comment       0x00000030       0x31 src/libraries/FreeRTOS/src/tasks.o

.note.gnu.avr.deviceinfo
                0x00000000       0x40
 .note.gnu.avr.deviceinfo
                0x00000000       0x40 C:/Program Files (x86)/Atmel/Studio/7.0/Packs/atmel/ATmega_DFP/1.3.300/gcc/dev/atmega2560/avr6/crtatmega2560.o

.note.gnu.build-id
 *(.note.gnu.build-id)

.debug
 *(.debug)

.line
 *(.line)

.debug_srcinfo
 *(.debug_srcinfo)

.debug_sfnames
 *(.debug_sfnames)

.debug_aranges  0x00000000      0x210
 *(.debug_aranges)
 .debug_aranges
                0x00000000       0x40 src/libraries/FreeRTOS/src/list.o
 .debug_aranges
                0x00000040       0x48 src/libraries/FreeRTOS/src/port.o
 .debug_aranges
                0x00000088      0x188 src/libraries/FreeRTOS/src/tasks.o

.debug_pubnames
 *(.debug_pubnames)

.debug_info     0x00000000     0x31ba
 *(.debug_info .gnu.linkonce.wi.*)
 .debug_info    0x00000000      0xbbc C:/Program Files (x86)/Atmel/Studio/7.0/Packs/atmel/ATmega_DFP/1.3.300/gcc/dev/atmega2560/avr6/crtatmega2560.o
 .debug_info    0x00000bbc      0x2e3 src/libraries/FreeRTOS/src/list.o
 .debug_info    0x00000e9f      0x288 src/libraries/FreeRTOS/src/port.o
 .debug_info    0x00001127     0x2093 src/libraries/FreeRTOS/src/tasks.o

.debug_abbrev   0x00000000     0x10a5
 *(.debug_abbrev)
 .debug_abbrev  0x00000000      0xb1a C:/Program Files (x86)/Atmel/Studio/7.0/Packs/atmel/ATmega_DFP/1.3.300/gcc/dev/atmega2560/avr6/crtatmega2560.o
 .debug_abbrev  0x00000b1a      0x102 src/libraries/FreeRTOS/src/list.o
 .debug_abbrev  0x00000c1c      0x15b src/libraries/FreeRTOS/src/port.o
 .debug_abbrev  0x00000d77      0x32e src/libraries/FreeRTOS/src/tasks.o

.debug_line     0x00000000     0x1f6b
 *(.debug_line .debug_line.* .debug_line_end)
 .debug_line    0x00000000      0x1f9 C:/Program Files (x86)/Atmel/Studio/7.0/Packs/atmel/ATmega_DFP/1.3.300/gcc/dev/atmega2560/avr6/crtatmega2560.o
 .debug_line    0x000001f9      0x42b src/libraries/FreeRTOS/src/list.o
 .debug_line    0x00000624      0x4fe src/libraries/FreeRTOS/src/port.o
 .debug_line    0x00000b22     0x1449 src/libraries/FreeRTOS/src/tasks.o

.debug_frame    0x00000000      0x680
 *(.debug_frame)
 .debug_frame   0x00000000       0x88 src/libraries/FreeRTOS/src/list.o
 .debug_frame   0x00000088       0x74 src/libraries/FreeRTOS/src/port.o
 .debug_frame   0x000000fc      0x584 src/libraries/FreeRTOS/src/tasks.o

.debug_str      0x00000000     0xf9e7
 *(.debug_str)
 .debug_str     0x00000000      0x3e6 C:/Program Files (x86)/Atmel/Studio/7.0/Packs/atmel/ATmega_DFP/1.3.300/gcc/dev/atmega2560/avr6/crtatmega2560.o
 .debug_str     0x000003e6     0xbff7 src/libraries/FreeRTOS/src/list.o
                               0xc15a (size before relaxing)
 .debug_str     0x0000c3dd     0x1a46 src/libraries/FreeRTOS/src/port.o
                               0xda4f (size before relaxing)
 .debug_str     0x0000de23     0x1bc4 src/libraries/FreeRTOS/src/tasks.o
                               0xdda2 (size before relaxing)

.debug_loc      0x00000000     0x2803
 *(.debug_loc)
 .debug_loc     0x00000000      0x145 src/libraries/FreeRTOS/src/list.o
 .debug_loc     0x00000145      0x2af src/libraries/FreeRTOS/src/port.o
 .debug_loc     0x000003f4     0x240f src/libraries/FreeRTOS/src/tasks.o

.debug_macinfo
 *(.debug_macinfo)

.debug_weaknames
 *(.debug_weaknames)

.debug_funcnames
 *(.debug_funcnames)

.debug_typenames
 *(.debug_typenames)

.debug_varnames
 *(.debug_varnames)

.debug_pubtypes
 *(.debug_pubtypes)

.debug_ranges   0x00000000      0x258
 *(.debug_ranges)
 .debug_ranges  0x00000000       0x30 src/libraries/FreeRTOS/src/list.o
 .debug_ranges  0x00000030       0x38 src/libraries/FreeRTOS/src/port.o
 .debug_ranges  0x00000068      0x1f0 src/libraries/FreeRTOS/src/tasks.o

.debug_macro    0x00000000      0x8ff
 *(.debug_macro)
 .debug_macro   0x00000000      0x11d src/libraries/FreeRTOS/src/list.o
 .debug_macro   0x0000011d      0x14e src/libraries/FreeRTOS/src/port.o
 .debug_macro   0x0000026b      0x2fc src/libraries/FreeRTOS/src/port.o
 .debug_macro   0x00000567       0x63 src/libraries/FreeRTOS/src/port.o
 .debug_macro   0x000005ca       0x3b src/libraries/FreeRTOS/src/port.o
 .debug_macro   0x00000605      0x106 src/libraries/FreeRTOS/src/port.o
 .debug_macro   0x0000070b      0x1e4 src/libraries/FreeRTOS/src/tasks.o
 .debug_macro   0x000008ef       0x10 src/libraries/FreeRTOS/src/tasks.o
OUTPUT(SmartCar.elf elf32-avr)
LOAD linker stubs
